[Licensing::Module] Trying to connect to existing licensing client channel...
Built from '6000.0/staging' branch; Version is '6000.0.75f1 (26349cd2a5c8) revision 2503836'; Using compiler version '193933523'; Build Type 'Release'
OS: 'Windows 11  (10.0.28120) Enterprise' Language: 'zh' Physical Memory: 32487 MB
BatchMode: 1, IsHumanControllingUs: 0, StartBugReporterOnCrash: 0, Is64bit: 1
System  architecture: x64
Process architecture: x64
Date: 2026-07-23T23:19:28Z
[Licensing::IpcConnector] Channel LicenseClient-Voidream doesn't exist
[Licensing::Module] Successfully launched the LicensingClient (PId: 29004)

COMMAND LINE ARGUMENTS:
C:\Program Files\Unity\Hub\Editor\6000.0.75f1\Editor\Unity.exe
-batchmode
-quit
-projectPath
C:\Users\wjy25\Documents\Re-Threebody\upstream\ReUI
-executeMethod
ReUI.Editor.ReUIValidation.ValidateAllEnabledScenesSmoke
-logFile
beta81-smoke.log
Successfully changed project path to: C:\Users\wjy25\Documents\Re-Threebody\upstream\ReUI
C:/Users/wjy25/Documents/Re-Threebody/upstream/ReUI
[UnityMemory] Configuration Parameters - Can be set up in boot.config
    "memorysetup-bucket-allocator-granularity=16"
    "memorysetup-bucket-allocator-bucket-count=8"
    "memorysetup-bucket-allocator-block-size=33554432"
    "memorysetup-bucket-allocator-block-count=8"
    "memorysetup-main-allocator-block-size=16777216"
    "memorysetup-thread-allocator-block-size=16777216"
    "memorysetup-gfx-main-allocator-block-size=16777216"
    "memorysetup-gfx-thread-allocator-block-size=16777216"
    "memorysetup-cache-allocator-block-size=4194304"
    "memorysetup-typetree-allocator-block-size=2097152"
    "memorysetup-profiler-bucket-allocator-granularity=16"
    "memorysetup-profiler-bucket-allocator-bucket-count=8"
    "memorysetup-profiler-bucket-allocator-block-size=33554432"
    "memorysetup-profiler-bucket-allocator-block-count=8"
    "memorysetup-profiler-allocator-block-size=16777216"
    "memorysetup-profiler-editor-allocator-block-size=1048576"
    "memorysetup-temp-allocator-size-main=16777216"
    "memorysetup-job-temp-allocator-block-size=2097152"
    "memorysetup-job-temp-allocator-block-size-background=1048576"
    "memorysetup-job-temp-allocator-reduction-small-platforms=262144"
    "memorysetup-allocator-temp-initial-block-size-main=262144"
    "memorysetup-allocator-temp-initial-block-size-worker=262144"
    "memorysetup-temp-allocator-size-background-worker=32768"
    "memorysetup-temp-allocator-size-job-worker=262144"
    "memorysetup-temp-allocator-size-preload-manager=33554432"
    "memorysetup-temp-allocator-size-nav-mesh-worker=65536"
    "memorysetup-temp-allocator-size-audio-worker=65536"
    "memorysetup-temp-allocator-size-cloud-worker=32768"
    "memorysetup-temp-allocator-size-gi-baking-worker=262144"
    "memorysetup-temp-allocator-size-gi-baking-worker=262144"
    "memorysetup-temp-allocator-size-gi-baking-worker=262144"
    "memorysetup-temp-allocator-size-gi-baking-worker=262144"
    "memorysetup-temp-allocator-size-gi-baking-worker=262144"
    "memorysetup-temp-allocator-size-gfx=262144"
Player connection [15884]  Target information:

Player connection [15884]  * "[IP] 172.22.192.1 [Port] 55504 [Flags] 2 [Guid] 3004306730 [EditorId] 3004306730 [Version] 1048832 [Id] WindowsEditor(7,WIN-006UKCKR5SD) [Debug] 1 [PackageName] WindowsEditor [ProjectName] Editor" 

Player connection [15884]  * "[IP] 198.18.0.1 [Port] 55504 [Flags] 2 [Guid] 3004306730 [EditorId] 3004306730 [Version] 1048832 [Id] WindowsEditor(7,WIN-006UKCKR5SD) [Debug] 1 [PackageName] WindowsEditor [ProjectName] Editor" 

Player connection [15884]  * "[IP] 192.168.1.112 [Port] 55504 [Flags] 2 [Guid] 3004306730 [EditorId] 3004306730 [Version] 1048832 [Id] WindowsEditor(7,WIN-006UKCKR5SD) [Debug] 1 [PackageName] WindowsEditor [ProjectName] Editor" 

Player connection [15884] Host joined multi-casting on [225.0.0.222:54997]...
Player connection [15884] Host joined alternative multi-casting on [225.0.0.222:34997]...
Input System module state changed to: Initialized.
[Physics::Module] Initialized fallback backend.
[Physics::Module] Id: 0xdecafbad
[Licensing::IpcConnector] Successfully connected to: "LicenseClient-Voidream" at "2026-07-23T23:19:29.4425739Z"
[Package Manager] Connected to IPC stream "Upm-27388" after 0.5 seconds.
Library Redirect Path: Library/
[Licensing::Client] Code 10 while verifying Licensing Client signature (process Id: 29004, path: "C:/Program Files/Unity/Hub/Editor/6000.0.75f1/Editor/Data/Resources/Licensing/Client/Unity.Licensing.Client.exe")
[Licensing::Module] LicensingClient has failed validation; ignoring
[Licensing::Client] Handshaking with LicensingClient:
  Version:                 1.17.4+4293ba1
  Session Id:              2af5a381113e481c90a1aec770a1b159
  Correlation Id:          0260a1c78c6170144754f7b6cc81f8a4
  External correlation Id: 3362964465815763140
  Machine Id:              WeJfFlhUrXm/oUJXcgBJuMWLvIg=
[Licensing::Module] Successfully connected to LicensingClient on channel: "LicenseClient-Voidream" (connect: 0.57s, validation: 0.13s, handshake: 0.11s)
[Licensing::IpcConnector] Successfully connected to: "LicenseClient-Voidream-notifications" at "2026-07-23T23:19:29.6813797Z"
[Licensing::Module] Connected to LicensingClient (PId: 29004, launch time: 0.01, total connection time: 0.81s)
[Licensing::Module] Error: Access token is unavailable; failed to update
[Licensing::Client] Successfully resolved entitlement details
[Licensing::Module] License group:
  Id: 20067615106968-UnityPersXXXX
  Product: Unity Personal
  Type: Assigned
  Expiration: Unlimited
[Licensing::Client] Successfully updated license, isAsync: True, time: 0.02
[Licensing::Client] Successfully resolved entitlement details
[Licensing::Module] Licensing Background thread has ended after 0.88s
[Physics::Module] Selected backend.
[Physics::Module] Name: PhysX
[Physics::Module] Id: 0xf2b8ea05
[Physics::Module] SDK Version: 4.1.2
[Physics::Module] Integration Version: 1.0.0
[Physics::Module] Threading Mode: Multi-Threaded
[Licensing::Client] Successfully resolved entitlement details
Refreshing native plugins compatible for Editor in 3.59 ms, found 0 plugins.
Preloading 0 native plugins for Editor in 0.00 ms.
Initialize engine version: 6000.0.75f1 (26349cd2a5c8)
[Subsystems] Discovering subsystems at path C:/Program Files/Unity/Hub/Editor/6000.0.75f1/Editor/Data/Resources/UnitySubsystems
[Subsystems] Discovering subsystems at path C:/Users/wjy25/Documents/Re-Threebody/upstream/ReUI/Assets
GfxDevice: creating device client; kGfxThreadingModeNonThreaded
Direct3D:
    Version:  Direct3D 11.0 [level 11.1]
    Renderer: NVIDIA GeForce RTX 5070 Ti Laptop GPU (ID=0x2f18)
    Vendor:   NVIDIA
    VRAM:     11944 MB
    Driver:   32.0.16.1074
Initialize mono
Mono path[0] = 'C:/Program Files/Unity/Hub/Editor/6000.0.75f1/Editor/Data/Managed'
Mono path[1] = 'C:/Program Files/Unity/Hub/Editor/6000.0.75f1/Editor/Data/MonoBleedingEdge/lib/mono/unityjit-win32'
Mono config path = 'C:/Program Files/Unity/Hub/Editor/6000.0.75f1/Editor/Data/MonoBleedingEdge/etc'
Using monoOptions --debugger-agent=transport=dt_socket,embedding=1,server=y,suspend=n,address=127.0.0.1:56388
Using cacheserver namespaces - metadata:defaultmetadata, artifacts:defaultartifacts
Using cacheserver namespaces - metadata:defaultmetadata, artifacts:defaultartifacts
ImportWorker Server TCP listen port: 0
AcceleratorClientConnectionCallback - disconnected - :0
Begin MonoManager ReloadAssembly
Registering precompiled unity dll's ...
Register platform support module: C:/Program Files/Unity/Hub/Editor/6000.0.75f1/Editor/Data/PlaybackEngines/WindowsStandaloneSupport/UnityEditor.WindowsStandalone.Extensions.dll
Register platform support module: C:/Program Files/Unity/Hub/Editor/6000.0.75f1/Editor/Data/PlaybackEngines/AndroidPlayer/UnityEditor.Android.Extensions.dll
Registered in 0.005748 seconds.
- Loaded All Assemblies, in  0.323 seconds
Native extension for Android target not found
Android Extension - Scanning For ADB Devices 2323 ms
Native extension for WindowsStandalone target not found
Package Manager log level set to [2]
Mono: successfully reloaded assembly
- Finished resetting the current domain, in  2.622 seconds
Domain Reload Profiling: 2943ms
	BeginReloadAssembly (110ms)
		ExecutionOrderSort (0ms)
		DisableScriptedObjects (0ms)
		BackupInstance (0ms)
		ReleaseScriptingObjects (0ms)
		CreateAndSetChildDomain (1ms)
	RebuildCommonClasses (30ms)
	RebuildNativeTypeToScriptingClass (9ms)
	initialDomainReloadingComplete (42ms)
	LoadAllAssembliesAndSetupDomain (131ms)
		LoadAssemblies (107ms)
		RebuildTransferFunctionScriptingTraits (0ms)
		AnalyzeDomain (128ms)
			TypeCache.Refresh (126ms)
				TypeCache.ScanAssembly (117ms)
			BuildScriptInfoCaches (0ms)
			ResolveRequiredComponents (0ms)
	FinalizeReload (2622ms)
		ReleaseScriptCaches (0ms)
		RebuildScriptCaches (0ms)
		SetupLoadedEditorAssemblies (2594ms)
			LogAssemblyErrors (0ms)
			InitializePlatformSupportModulesInManaged (2398ms)
			SetLoadedEditorAssemblies (3ms)
			BeforeProcessingInitializeOnLoad (52ms)
			ProcessInitializeOnLoadAttributes (98ms)
			ProcessInitializeOnLoadMethodAttributes (44ms)
			AfterProcessingInitializeOnLoad (0ms)
			EditorAssembliesLoaded (0ms)
		ExecutionOrderSort2 (0ms)
		AwakeInstancesAfterBackupRestoration (0ms)
[Licensing::Client] Successfully resolved entitlement details
[Licensing::Client] Successfully resolved entitlement details
Application.AssetDatabase Initial Refresh Start
[Package Manager] Restoring resolved packages state from cache
[Licensing::Client] Successfully resolved entitlement details
[Package Manager] Registered 50 packages:
  Packages from [https://package.openupm.com]:
    com.google.external-dependency-manager@1.2.187 (location: C:\Users\wjy25\Documents\Re-Threebody\upstream\ReUI\Library\PackageCache\com.google.external-dependency-manager@f5312a5700af)
  Packages from [https://packages.unity.com]:
    com.unity.ads@4.17.0 (location: C:\Users\wjy25\Documents\Re-Threebody\upstream\ReUI\Library\PackageCache\com.unity.ads@c6e6f61ed7d9)
    com.unity.ide.visualstudio@2.0.27 (location: C:\Users\wjy25\Documents\Re-Threebody\upstream\ReUI\Library\PackageCache\com.unity.ide.visualstudio@dc1ddd4f09b6)
    com.unity.inputsystem@1.19.0 (location: C:\Users\wjy25\Documents\Re-Threebody\upstream\ReUI\Library\PackageCache\com.unity.inputsystem@21a28c3a6c83)
    com.unity.purchasing@5.3.1 (location: C:\Users\wjy25\Documents\Re-Threebody\upstream\ReUI\Library\PackageCache\com.unity.purchasing@b69b97f74d28)
    com.unity.toolchain.win-x86_64-linux-x86_64@2.0.11 (location: C:\Users\wjy25\Documents\Re-Threebody\upstream\ReUI\Library\PackageCache\com.unity.toolchain.win-x86_64-linux-x86_64@3c4c356523ed)
    com.unity.sysroot@2.0.10 (location: C:\Users\wjy25\Documents\Re-Threebody\upstream\ReUI\Library\PackageCache\com.unity.sysroot@7bbbb9339c14)
    com.unity.sysroot.linux-x86_64@2.0.9 (location: C:\Users\wjy25\Documents\Re-Threebody\upstream\ReUI\Library\PackageCache\com.unity.sysroot.linux-x86_64@1998d1c7730e)
    com.unity.services.core@1.16.0 (location: C:\Users\wjy25\Documents\Re-Threebody\upstream\ReUI\Library\PackageCache\com.unity.services.core@8ba50f624741)
    com.unity.nuget.newtonsoft-json@3.2.1 (location: C:\Users\wjy25\Documents\Re-Threebody\upstream\ReUI\Library\PackageCache\com.unity.nuget.newtonsoft-json@74deb55db2a0)
  Built-in packages:
    com.unity.2d.sprite@1.0.0 (location: C:\Users\wjy25\Documents\Re-Threebody\upstream\ReUI\Library\PackageCache\com.unity.2d.sprite@0eb6ea2c7181)
    com.unity.multiplayer.center@1.0.0 (location: C:\Users\wjy25\Documents\Re-Threebody\upstream\ReUI\Library\PackageCache\com.unity.multiplayer.center@f3fb577b3546)
    com.unity.test-framework@1.6.0 (location: C:\Users\wjy25\Documents\Re-Threebody\upstream\ReUI\Library\PackageCache\com.unity.test-framework@082c24152fd4)
    com.unity.ugui@2.0.0 (location: C:\Users\wjy25\Documents\Re-Threebody\upstream\ReUI\Library\PackageCache\com.unity.ugui@7537063fea2b)
    com.unity.ui@2.0.0 (location: C:\Users\wjy25\Documents\Re-Threebody\upstream\ReUI\Library\PackageCache\com.unity.ui@ccd6582d7949)
    com.unity.modules.accessibility@1.0.0 (location: C:\Users\wjy25\Documents\Re-Threebody\upstream\ReUI\Library\PackageCache\com.unity.modules.accessibility)
    com.unity.modules.ai@1.0.0 (location: C:\Users\wjy25\Documents\Re-Threebody\upstream\ReUI\Library\PackageCache\com.unity.modules.ai)
    com.unity.modules.androidjni@1.0.0 (location: C:\Users\wjy25\Documents\Re-Threebody\upstream\ReUI\Library\PackageCache\com.unity.modules.androidjni)
    com.unity.modules.animation@1.0.0 (location: C:\Users\wjy25\Documents\Re-Threebody\upstream\ReUI\Library\PackageCache\com.unity.modules.animation)
    com.unity.modules.assetbundle@1.0.0 (location: C:\Users\wjy25\Documents\Re-Threebody\upstream\ReUI\Library\PackageCache\com.unity.modules.assetbundle)
    com.unity.modules.audio@1.0.0 (location: C:\Users\wjy25\Documents\Re-Threebody\upstream\ReUI\Library\PackageCache\com.unity.modules.audio)
    com.unity.modules.cloth@1.0.0 (location: C:\Users\wjy25\Documents\Re-Threebody\upstream\ReUI\Library\PackageCache\com.unity.modules.cloth)
    com.unity.modules.director@1.0.0 (location: C:\Users\wjy25\Documents\Re-Threebody\upstream\ReUI\Library\PackageCache\com.unity.modules.director)
    com.unity.modules.imageconversion@1.0.0 (location: C:\Users\wjy25\Documents\Re-Threebody\upstream\ReUI\Library\PackageCache\com.unity.modules.imageconversion)
    com.unity.modules.imgui@1.0.0 (location: C:\Users\wjy25\Documents\Re-Threebody\upstream\ReUI\Library\PackageCache\com.unity.modules.imgui)
    com.unity.modules.jsonserialize@1.0.0 (location: C:\Users\wjy25\Documents\Re-Threebody\upstream\ReUI\Library\PackageCache\com.unity.modules.jsonserialize)
    com.unity.modules.particlesystem@1.0.0 (location: C:\Users\wjy25\Documents\Re-Threebody\upstream\ReUI\Library\PackageCache\com.unity.modules.particlesystem)
    com.unity.modules.physics@1.0.0 (location: C:\Users\wjy25\Documents\Re-Threebody\upstream\ReUI\Library\PackageCache\com.unity.modules.physics)
    com.unity.modules.physics2d@1.0.0 (location: C:\Users\wjy25\Documents\Re-Threebody\upstream\ReUI\Library\PackageCache\com.unity.modules.physics2d)
    com.unity.modules.screencapture@1.0.0 (location: C:\Users\wjy25\Documents\Re-Threebody\upstream\ReUI\Library\PackageCache\com.unity.modules.screencapture)
    com.unity.modules.terrain@1.0.0 (location: C:\Users\wjy25\Documents\Re-Threebody\upstream\ReUI\Library\PackageCache\com.unity.modules.terrain)
    com.unity.modules.terrainphysics@1.0.0 (location: C:\Users\wjy25\Documents\Re-Threebody\upstream\ReUI\Library\PackageCache\com.unity.modules.terrainphysics)
    com.unity.modules.tilemap@1.0.0 (location: C:\Users\wjy25\Documents\Re-Threebody\upstream\ReUI\Library\PackageCache\com.unity.modules.tilemap)
    com.unity.modules.ui@1.0.0 (location: C:\Users\wjy25\Documents\Re-Threebody\upstream\ReUI\Library\PackageCache\com.unity.modules.ui)
    com.unity.modules.uielements@1.0.0 (location: C:\Users\wjy25\Documents\Re-Threebody\upstream\ReUI\Library\PackageCache\com.unity.modules.uielements)
    com.unity.modules.umbra@1.0.0 (location: C:\Users\wjy25\Documents\Re-Threebody\upstream\ReUI\Library\PackageCache\com.unity.modules.umbra)
    com.unity.modules.unityanalytics@1.0.0 (location: C:\Users\wjy25\Documents\Re-Threebody\upstream\ReUI\Library\PackageCache\com.unity.modules.unityanalytics)
    com.unity.modules.unitywebrequest@1.0.0 (location: C:\Users\wjy25\Documents\Re-Threebody\upstream\ReUI\Library\PackageCache\com.unity.modules.unitywebrequest)
    com.unity.modules.unitywebrequestassetbundle@1.0.0 (location: C:\Users\wjy25\Documents\Re-Threebody\upstream\ReUI\Library\PackageCache\com.unity.modules.unitywebrequestassetbundle)
    com.unity.modules.unitywebrequestaudio@1.0.0 (location: C:\Users\wjy25\Documents\Re-Threebody\upstream\ReUI\Library\PackageCache\com.unity.modules.unitywebrequestaudio)
    com.unity.modules.unitywebrequesttexture@1.0.0 (location: C:\Users\wjy25\Documents\Re-Threebody\upstream\ReUI\Library\PackageCache\com.unity.modules.unitywebrequesttexture)
    com.unity.modules.unitywebrequestwww@1.0.0 (location: C:\Users\wjy25\Documents\Re-Threebody\upstream\ReUI\Library\PackageCache\com.unity.modules.unitywebrequestwww)
    com.unity.modules.vehicles@1.0.0 (location: C:\Users\wjy25\Documents\Re-Threebody\upstream\ReUI\Library\PackageCache\com.unity.modules.vehicles)
    com.unity.modules.video@1.0.0 (location: C:\Users\wjy25\Documents\Re-Threebody\upstream\ReUI\Library\PackageCache\com.unity.modules.video)
    com.unity.modules.vr@1.0.0 (location: C:\Users\wjy25\Documents\Re-Threebody\upstream\ReUI\Library\PackageCache\com.unity.modules.vr)
    com.unity.modules.wind@1.0.0 (location: C:\Users\wjy25\Documents\Re-Threebody\upstream\ReUI\Library\PackageCache\com.unity.modules.wind)
    com.unity.modules.xr@1.0.0 (location: C:\Users\wjy25\Documents\Re-Threebody\upstream\ReUI\Library\PackageCache\com.unity.modules.xr)
    com.unity.modules.subsystems@1.0.0 (location: C:\Users\wjy25\Documents\Re-Threebody\upstream\ReUI\Library\PackageCache\com.unity.modules.subsystems)
    com.unity.modules.hierarchycore@1.0.0 (location: C:\Users\wjy25\Documents\Re-Threebody\upstream\ReUI\Library\PackageCache\com.unity.modules.hierarchycore)
    com.unity.ext.nunit@2.0.5 (location: C:\Users\wjy25\Documents\Re-Threebody\upstream\ReUI\Library\PackageCache\com.unity.ext.nunit@031a54704bff)
[Subsystems] No new subsystems found in resolved package list.
[Package Manager] Done registering packages in 0.06 seconds
Assembly for Assembly Definition File 'Assets/Modules/GalaxyMap/GalaxyMap.asmdef' will not be compiled, because it has no scripts associated with it.
Starting: C:\Program Files\Unity\Hub\Editor\6000.0.75f1\Editor\Data\bee_backend.exe --ipc --defer-dag-verification --dagfile="Library/Bee/1300b0aE.dag" --continue-on-failure --profile="Library/Bee/backend1.traceevents" ScriptAssemblies
WorkingDir: C:/Users/wjy25/Documents/Re-Threebody/upstream/ReUI
DisplayProgressbar: Compiling Scripts
ExitCode: 0 Duration: 0s186ms
*** Tundra build success (0.14 seconds), 0 items updated, 851 evaluated
AssetDatabase: script compilation time: 0.747916s
Begin MonoManager ReloadAssembly
- Loaded All Assemblies, in  0.693 seconds
Refreshing native plugins compatible for Editor in 10.92 ms, found 0 plugins.
Native extension for Android target not found
Native extension for WindowsStandalone target not found
Detected .NET version 4.5
Mono: successfully reloaded assembly
- Finished resetting the current domain, in  0.654 seconds
Domain Reload Profiling: 1342ms
	BeginReloadAssembly (253ms)
		ExecutionOrderSort (0ms)
		DisableScriptedObjects (9ms)
		BackupInstance (0ms)
		ReleaseScriptingObjects (0ms)
		CreateAndSetChildDomain (127ms)
	RebuildCommonClasses (30ms)
	RebuildNativeTypeToScriptingClass (9ms)
	initialDomainReloadingComplete (26ms)
	LoadAllAssembliesAndSetupDomain (369ms)
		LoadAssemblies (284ms)
		RebuildTransferFunctionScriptingTraits (0ms)
		AnalyzeDomain (171ms)
			TypeCache.Refresh (113ms)
				TypeCache.ScanAssembly (101ms)
			BuildScriptInfoCaches (47ms)
			ResolveRequiredComponents (9ms)
	FinalizeReload (655ms)
		ReleaseScriptCaches (0ms)
		RebuildScriptCaches (0ms)
		SetupLoadedEditorAssemblies (543ms)
			LogAssemblyErrors (0ms)
			InitializePlatformSupportModulesInManaged (23ms)
			SetLoadedEditorAssemblies (3ms)
			BeforeProcessingInitializeOnLoad (110ms)
			ProcessInitializeOnLoadAttributes (361ms)
			ProcessInitializeOnLoadMethodAttributes (40ms)
			AfterProcessingInitializeOnLoad (6ms)
			EditorAssembliesLoaded (0ms)
		ExecutionOrderSort2 (0ms)
		AwakeInstancesAfterBackupRestoration (6ms)
Asset Pipeline Refresh (id=56db9cf21c860014db86cbca02f2b7a4): Total: 2.690 seconds - Initiated by InitialRefreshV2(ForceSynchronousImport)
	Summary:
		Imports: total=0 (actual=0, local cache=0, cache server=0)
		Asset DB Process Time: managed=0 ms, native=1123 ms
		Asset DB Callback time: managed=12 ms, native=59 ms
		Scripting: domain reloads=1, domain reload time=693 ms, compile time=749 ms, other=52 ms
		Project Asset Count: scripts=1397, non-scripts=4440
		Asset File Changes: new=0, changed=0, moved=0, deleted=0
		Scan Filter Count: 0
	InvokeCustomDependenciesCallbacks: 0.001ms
	InvokePackagesCallback: 61.093ms
	ApplyChangesToAssetFolders: 0.578ms
	Scan: 129.919ms
	OnSourceAssetsModified: 0.001ms
	CategorizeAssetsWithTransientArtifact: 53.676ms
	ProcessAssetsWithTransientArtifactChanges: 60.844ms
	CategorizeAssets: 39.225ms
	ImportOutOfDateAssets: 683.969ms (-67.066ms without children)
		CompileScripts: 749.095ms
		ReloadNativeAssets: 0.005ms
		UnloadImportedAssets: 0.206ms
		EnsureUptoDateAssetsAreRegisteredWithGuidPM: 0.897ms
		InitializingProgressBar: 0.000ms
		PostProcessAllAssetNotificationsAddChangedAssets: 0.000ms
		OnDemandSchedulerStart: 0.832ms
	PostProcessAllAssets: 12.397ms
	GatherAllCurrentPrimaryArtifactRevisions: 0.003ms
	UnloadStreamsBegin: 0.187ms
	PersistCurrentRevisions: 0.207ms
	UnloadStreamsEnd: 0.001ms
	GenerateScriptTypeHashes: 3.257ms
	Untracked: 1647.860ms

Application.AssetDatabase Initial Refresh End
Scanning for USB devices : 0.862ms
Initializing Unity extensions:
[MODES] ModeService[none].Initialize
[MODES] ModeService[none].LoadModes
[MODES] Loading mode Default (0) for mode-current-id-三体视界
Unloading 42 Unused Serialized files (Serialized files now loaded: 0)
Unloading 5050 unused Assets / (4.5 MB). Loaded Objects now: 5477.
Memory consumption went from 155.7 MB to 151.2 MB.
Total: 6.377100 ms (FindLiveObjects: 0.264600 ms CreateObjectMapping: 0.248200 ms MarkObjects: 3.797200 ms  DeleteObjects: 2.060900 ms)

Opening scene 'Assets/Scenes/LoaderScene.unity'
Unloading 19 Unused Serialized files (Serialized files now loaded: 0)
Loaded scene 'Assets/Scenes/LoaderScene.unity'
	Deserialize:            36.118 ms
	Integration:            219.675 ms
	Integration of assets:  2.763 ms
	Thread Wait Time:       0.197 ms
	Total Operation Time:   258.753 ms
Unloading 3 unused Assets / (5.0 KB). Loaded Objects now: 6179.
Memory consumption went from 233.3 MB to 233.3 MB.
Total: 4.370300 ms (FindLiveObjects: 0.211900 ms CreateObjectMapping: 0.121900 ms MarkObjects: 3.984900 ms  DeleteObjects: 0.050900 ms)

[ReUI Smoke] scene=LoaderScene, canvases=1
Opening scene 'Assets/Scenes/CommonGuiScene.unity'
Unloading 621 Unused Serialized files (Serialized files now loaded: 0)
Loaded scene 'Assets/Scenes/CommonGuiScene.unity'
	Deserialize:            63.500 ms
	Integration:            7.184 ms
	Integration of assets:  5.587 ms
	Thread Wait Time:       0.080 ms
	Total Operation Time:   76.350 ms
Unloading 138 unused Assets / (5.9 MB). Loaded Objects now: 6796.
Memory consumption went from 150.4 MB to 144.5 MB.
Total: 15.078300 ms (FindLiveObjects: 0.184700 ms CreateObjectMapping: 0.092600 ms MarkObjects: 3.998300 ms  DeleteObjects: 10.802000 ms)

[ReUI Smoke] scene=CommonGuiScene, canvases=1
Opening scene 'Assets/Scenes/MainMenuScene.unity'
Unloading 10 Unused Serialized files (Serialized files now loaded: 0)
Loaded scene 'Assets/Scenes/MainMenuScene.unity'
	Deserialize:            31.347 ms
	Integration:            147.774 ms
	Integration of assets:  0.332 ms
	Thread Wait Time:       0.266 ms
	Total Operation Time:   179.719 ms
Unloading 27 unused Assets / (47.4 KB). Loaded Objects now: 6670.
Memory consumption went from 148.0 MB to 147.9 MB.
Total: 4.621800 ms (FindLiveObjects: 0.235600 ms CreateObjectMapping: 0.127200 ms MarkObjects: 4.171500 ms  DeleteObjects: 0.086800 ms)

[ReUI Smoke] scene=MainMenuScene, canvases=1
Opening scene 'Assets/Scenes/StarMapScene.unity'
Unloading 106 Unused Serialized files (Serialized files now loaded: 0)
SendMessage cannot be called during Awake, CheckConsistency, or OnValidate (Content: OnRectTransformDimensionsChange)
SendMessage cannot be called during Awake, CheckConsistency, or OnValidate (Content: OnRectTransformDimensionsChange)
SendMessage cannot be called during Awake, CheckConsistency, or OnValidate (Content: OnRectTransformDimensionsChange)
SendMessage cannot be called during Awake, CheckConsistency, or OnValidate (Content: OnRectTransformDimensionsChange)
SendMessage cannot be called during Awake, CheckConsistency, or OnValidate (Content: OnRectTransformDimensionsChange)
SendMessage cannot be called during Awake, CheckConsistency, or OnValidate (Content: OnRectTransformDimensionsChange)
SendMessage cannot be called during Awake, CheckConsistency, or OnValidate (Content: OnRectTransformDimensionsChange)
SendMessage cannot be called during Awake, CheckConsistency, or OnValidate (Content: OnRectTransformDimensionsChange)
SendMessage cannot be called during Awake, CheckConsistency, or OnValidate (Content: OnRectTransformDimensionsChange)
SendMessage cannot be called during Awake, CheckConsistency, or OnValidate (Content: OnRectTransformDimensionsChange)
SendMessage cannot be called during Awake, CheckConsistency, or OnValidate (Content: OnRectTransformDimensionsChange)
SendMessage cannot be called during Awake, CheckConsistency, or OnValidate (Content: OnRectTransformDimensionsChange)
SendMessage cannot be called during Awake, CheckConsistency, or OnValidate (Content: OnRectTransformDimensionsChange)
SendMessage cannot be called during Awake, CheckConsistency, or OnValidate (Content: OnRectTransformDimensionsChange)
SendMessage cannot be called during Awake, CheckConsistency, or OnValidate (Content: OnRectTransformDimensionsChange)
SendMessage cannot be called during Awake, CheckConsistency, or OnValidate (Content: OnRectTransformDimensionsChange)
SendMessage cannot be called during Awake, CheckConsistency, or OnValidate (Content: OnRectTransformDimensionsChange)
SendMessage cannot be called during Awake, CheckConsistency, or OnValidate (Content: OnRectTransformDimensionsChange)
Loaded scene 'Assets/Scenes/StarMapScene.unity'
	Deserialize:            47.003 ms
	Integration:            189.874 ms
	Integration of assets:  8.112 ms
	Thread Wait Time:       0.145 ms
	Total Operation Time:   245.133 ms
Unloading 52 unused Assets / (120.8 KB). Loaded Objects now: 20580.
Memory consumption went from 175.6 MB to 175.5 MB.
Total: 15.886300 ms (FindLiveObjects: 0.694400 ms CreateObjectMapping: 0.390500 ms MarkObjects: 4.843800 ms  DeleteObjects: 9.956800 ms)

[ReUI Smoke] scene=StarMapScene, canvases=2
Opening scene 'Assets/Scenes/SkillTreeScene.unity'
Unloading 138 Unused Serialized files (Serialized files now loaded: 0)
Loaded scene 'Assets/Scenes/SkillTreeScene.unity'
	Deserialize:            187.068 ms
	Integration:            32.453 ms
	Integration of assets:  2.174 ms
	Thread Wait Time:       0.039 ms
	Total Operation Time:   221.734 ms
Unloading 6943 unused Assets / (2.1 MB). Loaded Objects now: 8756.
Memory consumption went from 161.3 MB to 159.2 MB.
Total: 8.672700 ms (FindLiveObjects: 0.663400 ms CreateObjectMapping: 0.211600 ms MarkObjects: 4.997400 ms  DeleteObjects: 2.799500 ms)

[ReUI Smoke] scene=SkillTreeScene, canvases=1
Opening scene 'Assets/Scenes/ConfigureControlsScene.unity'
Unloading 35 Unused Serialized files (Serialized files now loaded: 0)
Loaded scene 'Assets/Scenes/ConfigureControlsScene.unity'
	Deserialize:            16.423 ms
	Integration:            65.962 ms
	Integration of assets:  1.902 ms
	Thread Wait Time:       0.012 ms
	Total Operation Time:   84.299 ms
Unloading 15 unused Assets / (229.4 KB). Loaded Objects now: 7593.
Memory consumption went from 156.4 MB to 156.2 MB.
Total: 6.969400 ms (FindLiveObjects: 0.232000 ms CreateObjectMapping: 0.128300 ms MarkObjects: 6.429500 ms  DeleteObjects: 0.178900 ms)

[ReUI Smoke] scene=ConfigureControlsScene, canvases=1
Opening scene 'Assets/Scenes/CombatScene.unity'
Unloading 34 Unused Serialized files (Serialized files now loaded: 0)
Loaded scene 'Assets/Scenes/CombatScene.unity'
	Deserialize:            81.666 ms
	Integration:            132.077 ms
	Integration of assets:  0.938 ms
	Thread Wait Time:       0.096 ms
	Total Operation Time:   214.776 ms
Unloading 1 unused Assets / (0.5 KB). Loaded Objects now: 10097.
Memory consumption went from 157.8 MB to 157.8 MB.
Total: 5.796400 ms (FindLiveObjects: 0.350900 ms CreateObjectMapping: 0.156200 ms MarkObjects: 5.269700 ms  DeleteObjects: 0.019000 ms)

[ReUI Smoke] scene=CombatScene, canvases=3
Opening scene 'Assets/Scenes/ExplorationScene.unity'
Unloading 26 Unused Serialized files (Serialized files now loaded: 0)
Loaded scene 'Assets/Scenes/ExplorationScene.unity'
	Deserialize:            26.024 ms
	Integration:            13.653 ms
	Integration of assets:  2.203 ms
	Thread Wait Time:       0.106 ms
	Total Operation Time:   41.985 ms
Unloading 120 unused Assets / (100.5 KB). Loaded Objects now: 8982.
Memory consumption went from 155.9 MB to 155.8 MB.
Total: 6.831400 ms (FindLiveObjects: 0.367600 ms CreateObjectMapping: 0.101400 ms MarkObjects: 6.189100 ms  DeleteObjects: 0.172600 ms)

[ReUI Smoke] scene=ExplorationScene, canvases=1
Opening scene 'Assets/Scenes/EhopediaScene.unity'
Unloading 8 Unused Serialized files (Serialized files now loaded: 0)
Loaded scene 'Assets/Scenes/EhopediaScene.unity'
	Deserialize:            28.981 ms
	Integration:            5.397 ms
	Integration of assets:  0.240 ms
	Thread Wait Time:       0.115 ms
	Total Operation Time:   34.733 ms
Unloading 1119 unused Assets / (0.7 MB). Loaded Objects now: 6558.
Memory consumption went from 154.5 MB to 153.8 MB.
Total: 6.712700 ms (FindLiveObjects: 0.320700 ms CreateObjectMapping: 0.107300 ms MarkObjects: 5.561400 ms  DeleteObjects: 0.722600 ms)

[ReUI Smoke] scene=EhopediaScene, canvases=1
Opening scene 'Assets/ModulesShared/ShipEditor/Scenes/ShipEditorScene.unity'
Unloading 20 Unused Serialized files (Serialized files now loaded: 0)
SendMessage cannot be called during Awake, CheckConsistency, or OnValidate (Content: OnRectTransformDimensionsChange)
SendMessage cannot be called during Awake, CheckConsistency, or OnValidate (Content: OnRectTransformDimensionsChange)
SendMessage cannot be called during Awake, CheckConsistency, or OnValidate (Content: OnRectTransformDimensionsChange)
SendMessage cannot be called during Awake, CheckConsistency, or OnValidate (Content: OnRectTransformDimensionsChange)
Loaded scene 'Assets/ModulesShared/ShipEditor/Scenes/ShipEditorScene.unity'
	Deserialize:            50.059 ms
	Integration:            203.387 ms
	Integration of assets:  1.754 ms
	Thread Wait Time:       0.062 ms
	Total Operation Time:   255.263 ms
Unloading 13 unused Assets / (0.6 MB). Loaded Objects now: 8429.
Memory consumption went from 158.8 MB to 158.1 MB.
Total: 17.503800 ms (FindLiveObjects: 0.304000 ms CreateObjectMapping: 0.123000 ms MarkObjects: 7.108800 ms  DeleteObjects: 9.967100 ms)

[ReUI Smoke] scene=ShipEditorScene, canvases=1
Opening scene 'Assets/Scenes/SettingsScene.unity'
Unloading 42 Unused Serialized files (Serialized files now loaded: 0)
Loaded scene 'Assets/Scenes/SettingsScene.unity'
	Deserialize:            19.104 ms
	Integration:            20.812 ms
	Integration of assets:  0.392 ms
	Thread Wait Time:       0.037 ms
	Total Operation Time:   40.345 ms
Unloading 173 unused Assets / (87.9 KB). Loaded Objects now: 8183.
Memory consumption went from 156.6 MB to 156.5 MB.
Total: 6.646300 ms (FindLiveObjects: 0.278500 ms CreateObjectMapping: 0.114200 ms MarkObjects: 6.041800 ms  DeleteObjects: 0.211300 ms)

[ReUI Smoke] scene=SettingsScene, canvases=1
[ReUI Smoke] completed scenes=11, canvases=14
Batchmode quit successfully invoked - shutting down!
Curl error 42: Callback aborted
Killing ADB server in 0.1342567 seconds.
[Physics::Module] Cleanup current backned.
[Physics::Module] Id: 0xf2b8ea05
Input System module state changed to: ShutdownInProgress.
Input System polling thread exited.
Input System module state changed to: Shutdown.
[Licensing::IpcConnector] LicenseClient-Voidream-notifications channel disconnected successfully.
[Licensing::IpcConnector] LicenseClient-Voidream channel disconnected successfully.
AcceleratorClientConnectionCallback - disconnected - :0
Cleanup mono
Exiting batchmode successfully now!
Exiting without the bug reporter. Application will terminate with return code 0