Built from '6000.0/staging' branch; Version is '6000.0.75f1 (26349cd2a5c8) revision 2503836'; Using compiler version '193933523'; Build Type 'Release'
OS: 'Windows 11  (10.0.28120) Enterprise' Language: 'zh' Physical Memory: 32487 MB
BatchMode: 1, IsHumanControllingUs: 0, StartBugReporterOnCrash: 0, Is64bit: 1
System  architecture: x64
Process architecture: x64
Date: 2026-07-24T08:01:41Z
[Licensing::Module] Trying to connect to existing licensing client channel...
[Licensing::IpcConnector] Channel LicenseClient-Voidream doesn't exist
[Licensing::Module] Successfully launched the LicensingClient (PId: 23752)

COMMAND LINE ARGUMENTS:
C:\Program Files\Unity\Hub\Editor\6000.0.75f1\Editor\Unity.exe
-batchmode
-nographics
-quit
-projectPath
.
-executeMethod
ReUI.Editor.ReUIValidation.ValidateAllEnabledScenesSmoke
-logFile
beta83-smoke.log
Successfully changed project path to: C:/Users/wjy25/Documents/Re-Threebody/upstream/ReUI
C:/Users/wjy25/Documents/Re-Threebody/upstream/ReUI
[UnityMemory] Configuration Parameters - Can be set up in boot.config
    "memorysetup-bucket-allocator-granularity=16"
    "memorysetup-bucket-allocator-bucket-count=8"
    "memorysetup-bucket-allocator-block-size=33554432"
    "memorysetup-bucket-allocator-block-count=8"
    "memorysetup-main-allocator-block-size=16777216"
    "memorysetup-thread-allocator-block-size=16777216"
    "memorysetup-gfx-main-allocator-block-size=16777216"
    "memorysetup-gfx-thread-allocator-block-size=16777216"
    "memorysetup-cache-allocator-block-size=4194304"
    "memorysetup-typetree-allocator-block-size=2097152"
    "memorysetup-profiler-bucket-allocator-granularity=16"
    "memorysetup-profiler-bucket-allocator-bucket-count=8"
    "memorysetup-profiler-bucket-allocator-block-size=33554432"
    "memorysetup-profiler-bucket-allocator-block-count=8"
    "memorysetup-profiler-allocator-block-size=16777216"
    "memorysetup-profiler-editor-allocator-block-size=1048576"
    "memorysetup-temp-allocator-size-main=16777216"
    "memorysetup-job-temp-allocator-block-size=2097152"
    "memorysetup-job-temp-allocator-block-size-background=1048576"
    "memorysetup-job-temp-allocator-reduction-small-platforms=262144"
    "memorysetup-allocator-temp-initial-block-size-main=262144"
    "memorysetup-allocator-temp-initial-block-size-worker=262144"
    "memorysetup-temp-allocator-size-background-worker=32768"
    "memorysetup-temp-allocator-size-job-worker=262144"
    "memorysetup-temp-allocator-size-preload-manager=33554432"
    "memorysetup-temp-allocator-size-nav-mesh-worker=65536"
    "memorysetup-temp-allocator-size-audio-worker=65536"
    "memorysetup-temp-allocator-size-cloud-worker=32768"
    "memorysetup-temp-allocator-size-gi-baking-worker=262144"
    "memorysetup-temp-allocator-size-gi-baking-worker=262144"
    "memorysetup-temp-allocator-size-gi-baking-worker=262144"
    "memorysetup-temp-allocator-size-gi-baking-worker=262144"
    "memorysetup-temp-allocator-size-gi-baking-worker=262144"
    "memorysetup-temp-allocator-size-gfx=262144"
Player connection [18880]  Target information:

Player connection [18880]  * "[IP] 172.28.48.1 [Port] 55504 [Flags] 2 [Guid] 2540471319 [EditorId] 2540471319 [Version] 1048832 [Id] WindowsEditor(7,WIN-006UKCKR5SD) [Debug] 1 [PackageName] WindowsEditor [ProjectName] Editor" 

Player connection [18880]  * "[IP] 198.18.0.1 [Port] 55504 [Flags] 2 [Guid] 2540471319 [EditorId] 2540471319 [Version] 1048832 [Id] WindowsEditor(7,WIN-006UKCKR5SD) [Debug] 1 [PackageName] WindowsEditor [ProjectName] Editor" 

Player connection [18880]  * "[IP] 192.168.1.106 [Port] 55504 [Flags] 2 [Guid] 2540471319 [EditorId] 2540471319 [Version] 1048832 [Id] WindowsEditor(7,WIN-006UKCKR5SD) [Debug] 1 [PackageName] WindowsEditor [ProjectName] Editor" 

Player connection [18880] Host joined multi-casting on [225.0.0.222:54997]...
Player connection [18880] Host joined alternative multi-casting on [225.0.0.222:34997]...
Input System module state changed to: Initialized.
[Physics::Module] Initialized fallback backend.
[Physics::Module] Id: 0xdecafbad
[Licensing::IpcConnector] Successfully connected to: "LicenseClient-Voidream" at "2026-07-24T08:01:42.510992Z"
[Package Manager] Connected to IPC stream "Upm-14584" after 1.1 seconds.
Library Redirect Path: Library/
[Licensing::Client] Code 10 while verifying Licensing Client signature (process Id: 23752, path: "C:/Program Files/Unity/Hub/Editor/6000.0.75f1/Editor/Data/Resources/Licensing/Client/Unity.Licensing.Client.exe")
[Licensing::Module] LicensingClient has failed validation; ignoring
[Licensing::Client] Handshaking with LicensingClient:
  Version:                 1.17.4+4293ba1
  Session Id:              41752e1d18604ea1b64569f662a4cb8a
  Correlation Id:          6dff45772efb0d6e01b58e7b8ffd342d
  External correlation Id: 3689584925430940591
  Machine Id:              WeJfFlhUrXm/oUJXcgBJuMWLvIg=
[Licensing::Module] Successfully connected to LicensingClient on channel: "LicenseClient-Voidream" (connect: 1.29s, validation: 0.17s, handshake: 0.19s)
[Licensing::IpcConnector] Successfully connected to: "LicenseClient-Voidream-notifications" at "2026-07-24T08:01:42.8611156Z"
[Licensing::Module] Connected to LicensingClient (PId: 23752, launch time: 0.01, total connection time: 1.64s)
[Licensing::Module] Error: Access token is unavailable; failed to update
[Licensing::Client] Successfully resolved entitlement details
[Licensing::Module] License group:
  Id: 20067615106968-UnityPersXXXX
  Product: Unity Personal
  Type: Assigned
  Expiration: Unlimited
[Licensing::Client] Successfully updated license, isAsync: True, time: 0.03
[Licensing::Client] Successfully resolved entitlement details
[Licensing::Module] Licensing Background thread has ended after 1.78s
[Physics::Module] Selected backend.
[Physics::Module] Name: PhysX
[Physics::Module] Id: 0xf2b8ea05
[Physics::Module] SDK Version: 4.1.2
[Physics::Module] Integration Version: 1.0.0
[Physics::Module] Threading Mode: Multi-Threaded
Refreshing native plugins compatible for Editor in 2.37 ms, found 0 plugins.
Preloading 0 native plugins for Editor in 0.00 ms.
Initialize engine version: 6000.0.75f1 (26349cd2a5c8)
[Subsystems] Discovering subsystems at path C:/Program Files/Unity/Hub/Editor/6000.0.75f1/Editor/Data/Resources/UnitySubsystems
[Subsystems] Discovering subsystems at path C:/Users/wjy25/Documents/Re-Threebody/upstream/ReUI/Assets
Forcing GfxDevice: Null
GfxDevice: creating device client; kGfxThreadingModeNonThreaded
NullGfxDevice:
    Version:  NULL 1.0 [1.0]
    Renderer: Null Device
    Vendor:   Unity Technologies
Initialize mono
Mono path[0] = 'C:/Program Files/Unity/Hub/Editor/6000.0.75f1/Editor/Data/Managed'
Mono path[1] = 'C:/Program Files/Unity/Hub/Editor/6000.0.75f1/Editor/Data/MonoBleedingEdge/lib/mono/unityjit-win32'
Mono config path = 'C:/Program Files/Unity/Hub/Editor/6000.0.75f1/Editor/Data/MonoBleedingEdge/etc'
Using monoOptions --debugger-agent=transport=dt_socket,embedding=1,server=y,suspend=n,address=127.0.0.1:56584
Using cacheserver namespaces - metadata:defaultmetadata, artifacts:defaultartifacts
Using cacheserver namespaces - metadata:defaultmetadata, artifacts:defaultartifacts
ImportWorker Server TCP listen port: 0
AcceleratorClientConnectionCallback - disconnected - :0
Begin MonoManager ReloadAssembly
Registering precompiled unity dll's ...
Register platform support module: C:/Program Files/Unity/Hub/Editor/6000.0.75f1/Editor/Data/PlaybackEngines/WindowsStandaloneSupport/UnityEditor.WindowsStandalone.Extensions.dll
[Licensing::Client] Successfully resolved entitlement details
Register platform support module: C:/Program Files/Unity/Hub/Editor/6000.0.75f1/Editor/Data/PlaybackEngines/AndroidPlayer/UnityEditor.Android.Extensions.dll
Registered in 0.011938 seconds.
- Loaded All Assemblies, in  0.474 seconds
Native extension for Android target not found
Android Extension - Scanning For ADB Devices 2547 ms
Native extension for WindowsStandalone target not found
Package Manager log level set to [2]
Mono: successfully reloaded assembly
- Finished resetting the current domain, in  3.055 seconds
Domain Reload Profiling: 3526ms
	BeginReloadAssembly (145ms)
		ExecutionOrderSort (0ms)
		DisableScriptedObjects (0ms)
		BackupInstance (0ms)
		ReleaseScriptingObjects (0ms)
		CreateAndSetChildDomain (1ms)
	RebuildCommonClasses (41ms)
	RebuildNativeTypeToScriptingClass (12ms)
	initialDomainReloadingComplete (66ms)
	LoadAllAssembliesAndSetupDomain (206ms)
		LoadAssemblies (141ms)
		RebuildTransferFunctionScriptingTraits (0ms)
		AnalyzeDomain (202ms)
			TypeCache.Refresh (199ms)
				TypeCache.ScanAssembly (182ms)
			BuildScriptInfoCaches (0ms)
			ResolveRequiredComponents (1ms)
	FinalizeReload (3055ms)
		ReleaseScriptCaches (0ms)
		RebuildScriptCaches (0ms)
		SetupLoadedEditorAssemblies (3007ms)
			LogAssemblyErrors (0ms)
			InitializePlatformSupportModulesInManaged (2673ms)
			SetLoadedEditorAssemblies (6ms)
			BeforeProcessingInitializeOnLoad (90ms)
			ProcessInitializeOnLoadAttributes (169ms)
			ProcessInitializeOnLoadMethodAttributes (69ms)
			AfterProcessingInitializeOnLoad (0ms)
			EditorAssembliesLoaded (0ms)
		ExecutionOrderSort2 (0ms)
		AwakeInstancesAfterBackupRestoration (0ms)
[Licensing::Client] Successfully resolved entitlement details
Application.AssetDatabase Initial Refresh Start
[Package Manager] Restoring resolved packages state from cache
[Licensing::Client] Successfully resolved entitlement details
[Package Manager] Registered 50 packages:
  Packages from [https://package.openupm.com]:
    com.google.external-dependency-manager@1.2.187 (location: C:\Users\wjy25\Documents\Re-Threebody\upstream\ReUI\Library\PackageCache\com.google.external-dependency-manager@f5312a5700af)
  Packages from [https://packages.unity.com]:
    com.unity.ads@4.17.0 (location: C:\Users\wjy25\Documents\Re-Threebody\upstream\ReUI\Library\PackageCache\com.unity.ads@c6e6f61ed7d9)
    com.unity.ide.visualstudio@2.0.27 (location: C:\Users\wjy25\Documents\Re-Threebody\upstream\ReUI\Library\PackageCache\com.unity.ide.visualstudio@dc1ddd4f09b6)
    com.unity.inputsystem@1.19.0 (location: C:\Users\wjy25\Documents\Re-Threebody\upstream\ReUI\Library\PackageCache\com.unity.inputsystem@21a28c3a6c83)
    com.unity.purchasing@5.3.1 (location: C:\Users\wjy25\Documents\Re-Threebody\upstream\ReUI\Library\PackageCache\com.unity.purchasing@b69b97f74d28)
    com.unity.toolchain.win-x86_64-linux-x86_64@2.0.11 (location: C:\Users\wjy25\Documents\Re-Threebody\upstream\ReUI\Library\PackageCache\com.unity.toolchain.win-x86_64-linux-x86_64@3c4c356523ed)
    com.unity.sysroot@2.0.10 (location: C:\Users\wjy25\Documents\Re-Threebody\upstream\ReUI\Library\PackageCache\com.unity.sysroot@7bbbb9339c14)
    com.unity.sysroot.linux-x86_64@2.0.9 (location: C:\Users\wjy25\Documents\Re-Threebody\upstream\ReUI\Library\PackageCache\com.unity.sysroot.linux-x86_64@1998d1c7730e)
    com.unity.services.core@1.16.0 (location: C:\Users\wjy25\Documents\Re-Threebody\upstream\ReUI\Library\PackageCache\com.unity.services.core@8ba50f624741)
    com.unity.nuget.newtonsoft-json@3.2.1 (location: C:\Users\wjy25\Documents\Re-Threebody\upstream\ReUI\Library\PackageCache\com.unity.nuget.newtonsoft-json@74deb55db2a0)
  Built-in packages:
    com.unity.2d.sprite@1.0.0 (location: C:\Users\wjy25\Documents\Re-Threebody\upstream\ReUI\Library\PackageCache\com.unity.2d.sprite@0eb6ea2c7181)
    com.unity.multiplayer.center@1.0.0 (location: C:\Users\wjy25\Documents\Re-Threebody\upstream\ReUI\Library\PackageCache\com.unity.multiplayer.center@f3fb577b3546)
    com.unity.test-framework@1.6.0 (location: C:\Users\wjy25\Documents\Re-Threebody\upstream\ReUI\Library\PackageCache\com.unity.test-framework@082c24152fd4)
    com.unity.ugui@2.0.0 (location: C:\Users\wjy25\Documents\Re-Threebody\upstream\ReUI\Library\PackageCache\com.unity.ugui@7537063fea2b)
    com.unity.ui@2.0.0 (location: C:\Users\wjy25\Documents\Re-Threebody\upstream\ReUI\Library\PackageCache\com.unity.ui@ccd6582d7949)
    com.unity.modules.accessibility@1.0.0 (location: C:\Users\wjy25\Documents\Re-Threebody\upstream\ReUI\Library\PackageCache\com.unity.modules.accessibility)
    com.unity.modules.ai@1.0.0 (location: C:\Users\wjy25\Documents\Re-Threebody\upstream\ReUI\Library\PackageCache\com.unity.modules.ai)
    com.unity.modules.androidjni@1.0.0 (location: C:\Users\wjy25\Documents\Re-Threebody\upstream\ReUI\Library\PackageCache\com.unity.modules.androidjni)
    com.unity.modules.animation@1.0.0 (location: C:\Users\wjy25\Documents\Re-Threebody\upstream\ReUI\Library\PackageCache\com.unity.modules.animation)
    com.unity.modules.assetbundle@1.0.0 (location: C:\Users\wjy25\Documents\Re-Threebody\upstream\ReUI\Library\PackageCache\com.unity.modules.assetbundle)
    com.unity.modules.audio@1.0.0 (location: C:\Users\wjy25\Documents\Re-Threebody\upstream\ReUI\Library\PackageCache\com.unity.modules.audio)
    com.unity.modules.cloth@1.0.0 (location: C:\Users\wjy25\Documents\Re-Threebody\upstream\ReUI\Library\PackageCache\com.unity.modules.cloth)
    com.unity.modules.director@1.0.0 (location: C:\Users\wjy25\Documents\Re-Threebody\upstream\ReUI\Library\PackageCache\com.unity.modules.director)
    com.unity.modules.imageconversion@1.0.0 (location: C:\Users\wjy25\Documents\Re-Threebody\upstream\ReUI\Library\PackageCache\com.unity.modules.imageconversion)
    com.unity.modules.imgui@1.0.0 (location: C:\Users\wjy25\Documents\Re-Threebody\upstream\ReUI\Library\PackageCache\com.unity.modules.imgui)
    com.unity.modules.jsonserialize@1.0.0 (location: C:\Users\wjy25\Documents\Re-Threebody\upstream\ReUI\Library\PackageCache\com.unity.modules.jsonserialize)
    com.unity.modules.particlesystem@1.0.0 (location: C:\Users\wjy25\Documents\Re-Threebody\upstream\ReUI\Library\PackageCache\com.unity.modules.particlesystem)
    com.unity.modules.physics@1.0.0 (location: C:\Users\wjy25\Documents\Re-Threebody\upstream\ReUI\Library\PackageCache\com.unity.modules.physics)
    com.unity.modules.physics2d@1.0.0 (location: C:\Users\wjy25\Documents\Re-Threebody\upstream\ReUI\Library\PackageCache\com.unity.modules.physics2d)
    com.unity.modules.screencapture@1.0.0 (location: C:\Users\wjy25\Documents\Re-Threebody\upstream\ReUI\Library\PackageCache\com.unity.modules.screencapture)
    com.unity.modules.terrain@1.0.0 (location: C:\Users\wjy25\Documents\Re-Threebody\upstream\ReUI\Library\PackageCache\com.unity.modules.terrain)
    com.unity.modules.terrainphysics@1.0.0 (location: C:\Users\wjy25\Documents\Re-Threebody\upstream\ReUI\Library\PackageCache\com.unity.modules.terrainphysics)
    com.unity.modules.tilemap@1.0.0 (location: C:\Users\wjy25\Documents\Re-Threebody\upstream\ReUI\Library\PackageCache\com.unity.modules.tilemap)
    com.unity.modules.ui@1.0.0 (location: C:\Users\wjy25\Documents\Re-Threebody\upstream\ReUI\Library\PackageCache\com.unity.modules.ui)
    com.unity.modules.uielements@1.0.0 (location: C:\Users\wjy25\Documents\Re-Threebody\upstream\ReUI\Library\PackageCache\com.unity.modules.uielements)
    com.unity.modules.umbra@1.0.0 (location: C:\Users\wjy25\Documents\Re-Threebody\upstream\ReUI\Library\PackageCache\com.unity.modules.umbra)
    com.unity.modules.unityanalytics@1.0.0 (location: C:\Users\wjy25\Documents\Re-Threebody\upstream\ReUI\Library\PackageCache\com.unity.modules.unityanalytics)
    com.unity.modules.unitywebrequest@1.0.0 (location: C:\Users\wjy25\Documents\Re-Threebody\upstream\ReUI\Library\PackageCache\com.unity.modules.unitywebrequest)
    com.unity.modules.unitywebrequestassetbundle@1.0.0 (location: C:\Users\wjy25\Documents\Re-Threebody\upstream\ReUI\Library\PackageCache\com.unity.modules.unitywebrequestassetbundle)
    com.unity.modules.unitywebrequestaudio@1.0.0 (location: C:\Users\wjy25\Documents\Re-Threebody\upstream\ReUI\Library\PackageCache\com.unity.modules.unitywebrequestaudio)
    com.unity.modules.unitywebrequesttexture@1.0.0 (location: C:\Users\wjy25\Documents\Re-Threebody\upstream\ReUI\Library\PackageCache\com.unity.modules.unitywebrequesttexture)
    com.unity.modules.unitywebrequestwww@1.0.0 (location: C:\Users\wjy25\Documents\Re-Threebody\upstream\ReUI\Library\PackageCache\com.unity.modules.unitywebrequestwww)
    com.unity.modules.vehicles@1.0.0 (location: C:\Users\wjy25\Documents\Re-Threebody\upstream\ReUI\Library\PackageCache\com.unity.modules.vehicles)
    com.unity.modules.video@1.0.0 (location: C:\Users\wjy25\Documents\Re-Threebody\upstream\ReUI\Library\PackageCache\com.unity.modules.video)
    com.unity.modules.vr@1.0.0 (location: C:\Users\wjy25\Documents\Re-Threebody\upstream\ReUI\Library\PackageCache\com.unity.modules.vr)
    com.unity.modules.wind@1.0.0 (location: C:\Users\wjy25\Documents\Re-Threebody\upstream\ReUI\Library\PackageCache\com.unity.modules.wind)
    com.unity.modules.xr@1.0.0 (location: C:\Users\wjy25\Documents\Re-Threebody\upstream\ReUI\Library\PackageCache\com.unity.modules.xr)
    com.unity.modules.subsystems@1.0.0 (location: C:\Users\wjy25\Documents\Re-Threebody\upstream\ReUI\Library\PackageCache\com.unity.modules.subsystems)
    com.unity.modules.hierarchycore@1.0.0 (location: C:\Users\wjy25\Documents\Re-Threebody\upstream\ReUI\Library\PackageCache\com.unity.modules.hierarchycore)
    com.unity.ext.nunit@2.0.5 (location: C:\Users\wjy25\Documents\Re-Threebody\upstream\ReUI\Library\PackageCache\com.unity.ext.nunit@031a54704bff)
[Subsystems] No new subsystems found in resolved package list.
[Package Manager] Done registering packages in 0.08 seconds
Assembly for Assembly Definition File 'Assets/Modules/GalaxyMap/GalaxyMap.asmdef' will not be compiled, because it has no scripts associated with it.
Starting: C:\Program Files\Unity\Hub\Editor\6000.0.75f1\Editor\Data\bee_backend.exe --ipc --defer-dag-verification --dagfile="Library/Bee/1900b0aE.dag" --continue-on-failure --profile="Library/Bee/backend1.traceevents" ScriptAssemblies
WorkingDir: C:/Users/wjy25/Documents/Re-Threebody/upstream/ReUI
DisplayProgressbar: Compiling Scripts
ExitCode: 0 Duration: 0s265ms
*** Tundra build success (0.21 seconds), 0 items updated, 851 evaluated
AssetDatabase: script compilation time: 0.938230s
Begin MonoManager ReloadAssembly
- Loaded All Assemblies, in  1.306 seconds
Refreshing native plugins compatible for Editor in 18.14 ms, found 0 plugins.
Native extension for Android target not found
Native extension for WindowsStandalone target not found
Detected .NET version 4.5
Mono: successfully reloaded assembly
- Finished resetting the current domain, in  0.943 seconds
Domain Reload Profiling: 2240ms
	BeginReloadAssembly (683ms)
		ExecutionOrderSort (0ms)
		DisableScriptedObjects (18ms)
		BackupInstance (0ms)
		ReleaseScriptingObjects (0ms)
		CreateAndSetChildDomain (175ms)
	RebuildCommonClasses (61ms)
	RebuildNativeTypeToScriptingClass (20ms)
	initialDomainReloadingComplete (48ms)
	LoadAllAssembliesAndSetupDomain (485ms)
		LoadAssemblies (727ms)
		RebuildTransferFunctionScriptingTraits (0ms)
		AnalyzeDomain (186ms)
			TypeCache.Refresh (129ms)
				TypeCache.ScanAssembly (116ms)
			BuildScriptInfoCaches (44ms)
			ResolveRequiredComponents (10ms)
	FinalizeReload (944ms)
		ReleaseScriptCaches (0ms)
		RebuildScriptCaches (0ms)
		SetupLoadedEditorAssemblies (775ms)
			LogAssemblyErrors (0ms)
			InitializePlatformSupportModulesInManaged (31ms)
			SetLoadedEditorAssemblies (5ms)
			BeforeProcessingInitializeOnLoad (161ms)
			ProcessInitializeOnLoadAttributes (479ms)
			ProcessInitializeOnLoadMethodAttributes (86ms)
			AfterProcessingInitializeOnLoad (14ms)
			EditorAssembliesLoaded (1ms)
		ExecutionOrderSort2 (0ms)
		AwakeInstancesAfterBackupRestoration (15ms)
Asset Pipeline Refresh (id=83742aecf4465334c8d83c334aee0ce4): Total: 4.031 seconds - Initiated by InitialRefreshV2(ForceSynchronousImport)
	Summary:
		Imports: total=0 (actual=0, local cache=0, cache server=0)
		Asset DB Process Time: managed=0 ms, native=1588 ms
		Asset DB Callback time: managed=24 ms, native=79 ms
		Scripting: domain reloads=1, domain reload time=1307 ms, compile time=941 ms, other=90 ms
		Project Asset Count: scripts=1397, non-scripts=4440
		Asset File Changes: new=0, changed=0, moved=0, deleted=0
		Scan Filter Count: 0
	InvokeCustomDependenciesCallbacks: 0.001ms
	InvokePackagesCallback: 82.670ms
	ApplyChangesToAssetFolders: 0.961ms
	Scan: 162.523ms
	OnSourceAssetsModified: 0.002ms
	CategorizeAssetsWithTransientArtifact: 69.532ms
	ProcessAssetsWithTransientArtifactChanges: 62.772ms
	CategorizeAssets: 68.025ms
	ImportOutOfDateAssets: 990.595ms (47.261ms without children)
		CompileScripts: 940.560ms
		ReloadNativeAssets: 0.008ms
		UnloadImportedAssets: 0.308ms
		EnsureUptoDateAssetsAreRegisteredWithGuidPM: 1.221ms
		InitializingProgressBar: 0.001ms
		PostProcessAllAssetNotificationsAddChangedAssets: 0.001ms
		OnDemandSchedulerStart: 1.236ms
	PostProcessAllAssets: 24.741ms
	GatherAllCurrentPrimaryArtifactRevisions: 0.003ms
	UnloadStreamsBegin: 0.250ms
	PersistCurrentRevisions: 0.395ms
	UnloadStreamsEnd: 0.002ms
	GenerateScriptTypeHashes: 7.890ms
	Untracked: 2568.403ms

Application.AssetDatabase Initial Refresh End
Scanning for USB devices : 1.517ms
Initializing Unity extensions:
[MODES] ModeService[none].Initialize
[MODES] ModeService[none].LoadModes
[MODES] Loading mode Default (0) for mode-current-id-三体视界
Unloading 35 Unused Serialized files (Serialized files now loaded: 0)
Unloading 5051 unused Assets / (5.2 MB). Loaded Objects now: 5471.
Memory consumption went from 154.4 MB to 149.2 MB.
Total: 7.774100 ms (FindLiveObjects: 0.263000 ms CreateObjectMapping: 0.161100 ms MarkObjects: 4.606500 ms  DeleteObjects: 2.736500 ms)

Opening scene 'Assets/Scenes/LoaderScene.unity'
Unloading 19 Unused Serialized files (Serialized files now loaded: 0)
Loaded scene 'Assets/Scenes/LoaderScene.unity'
	Deserialize:            18.586 ms
	Integration:            186.209 ms
	Integration of assets:  2.500 ms
	Thread Wait Time:       0.056 ms
	Total Operation Time:   207.352 ms
Unloading 3 unused Assets / (Unknown). Loaded Objects now: 6173.
Memory consumption went from 231.9 MB to 232.1 MB.
Total: 4.721200 ms (FindLiveObjects: 0.187200 ms CreateObjectMapping: 0.094700 ms MarkObjects: 4.402300 ms  DeleteObjects: 0.036100 ms)

[ReUI Smoke] scene=LoaderScene, canvases=1
Opening scene 'Assets/Scenes/CommonGuiScene.unity'
Unloading 621 Unused Serialized files (Serialized files now loaded: 0)
Loaded scene 'Assets/Scenes/CommonGuiScene.unity'
	Deserialize:            36.829 ms
	Integration:            7.819 ms
	Integration of assets:  6.478 ms
	Thread Wait Time:       0.014 ms
	Total Operation Time:   51.139 ms
Unloading 138 unused Assets / (5.9 MB). Loaded Objects now: 6790.
Memory consumption went from 150.0 MB to 144.1 MB.
Total: 15.220500 ms (FindLiveObjects: 0.223300 ms CreateObjectMapping: 0.105900 ms MarkObjects: 4.359700 ms  DeleteObjects: 10.530900 ms)

[ReUI Smoke] scene=CommonGuiScene, canvases=1
Opening scene 'Assets/Scenes/MainMenuScene.unity'
Unloading 10 Unused Serialized files (Serialized files now loaded: 0)
Loaded scene 'Assets/Scenes/MainMenuScene.unity'
	Deserialize:            15.043 ms
	Integration:            39.410 ms
	Integration of assets:  0.873 ms
	Thread Wait Time:       0.025 ms
	Total Operation Time:   55.351 ms
Unloading 27 unused Assets / (47.9 KB). Loaded Objects now: 6664.
Memory consumption went from 148.8 MB to 148.8 MB.
Total: 5.138200 ms (FindLiveObjects: 0.229100 ms CreateObjectMapping: 0.088700 ms MarkObjects: 4.733400 ms  DeleteObjects: 0.086300 ms)

[ReUI Smoke] scene=MainMenuScene, canvases=1
Opening scene 'Assets/Scenes/StarMapScene.unity'
Unloading 106 Unused Serialized files (Serialized files now loaded: 0)
SendMessage cannot be called during Awake, CheckConsistency, or OnValidate (Content: OnRectTransformDimensionsChange)
SendMessage cannot be called during Awake, CheckConsistency, or OnValidate (Content: OnRectTransformDimensionsChange)
SendMessage cannot be called during Awake, CheckConsistency, or OnValidate (Content: OnRectTransformDimensionsChange)
SendMessage cannot be called during Awake, CheckConsistency, or OnValidate (Content: OnRectTransformDimensionsChange)
SendMessage cannot be called during Awake, CheckConsistency, or OnValidate (Content: OnRectTransformDimensionsChange)
SendMessage cannot be called during Awake, CheckConsistency, or OnValidate (Content: OnRectTransformDimensionsChange)
SendMessage cannot be called during Awake, CheckConsistency, or OnValidate (Content: OnRectTransformDimensionsChange)
SendMessage cannot be called during Awake, CheckConsistency, or OnValidate (Content: OnRectTransformDimensionsChange)
SendMessage cannot be called during Awake, CheckConsistency, or OnValidate (Content: OnRectTransformDimensionsChange)
SendMessage cannot be called during Awake, CheckConsistency, or OnValidate (Content: OnRectTransformDimensionsChange)
SendMessage cannot be called during Awake, CheckConsistency, or OnValidate (Content: OnRectTransformDimensionsChange)
SendMessage cannot be called during Awake, CheckConsistency, or OnValidate (Content: OnRectTransformDimensionsChange)
SendMessage cannot be called during Awake, CheckConsistency, or OnValidate (Content: OnRectTransformDimensionsChange)
SendMessage cannot be called during Awake, CheckConsistency, or OnValidate (Content: OnRectTransformDimensionsChange)
SendMessage cannot be called during Awake, CheckConsistency, or OnValidate (Content: OnRectTransformDimensionsChange)
SendMessage cannot be called during Awake, CheckConsistency, or OnValidate (Content: OnRectTransformDimensionsChange)
SendMessage cannot be called during Awake, CheckConsistency, or OnValidate (Content: OnRectTransformDimensionsChange)
SendMessage cannot be called during Awake, CheckConsistency, or OnValidate (Content: OnRectTransformDimensionsChange)
Loaded scene 'Assets/Scenes/StarMapScene.unity'
	Deserialize:            52.699 ms
	Integration:            191.355 ms
	Integration of assets:  3.668 ms
	Thread Wait Time:       0.009 ms
	Total Operation Time:   247.732 ms
Unloading 52 unused Assets / (120.8 KB). Loaded Objects now: 20574.
Memory consumption went from 176.4 MB to 176.3 MB.
Total: 16.631300 ms (FindLiveObjects: 0.765500 ms CreateObjectMapping: 0.414700 ms MarkObjects: 5.490700 ms  DeleteObjects: 9.959700 ms)

[ReUI Smoke] scene=StarMapScene, canvases=2
Opening scene 'Assets/Scenes/SkillTreeScene.unity'
Unloading 138 Unused Serialized files (Serialized files now loaded: 0)
Loaded scene 'Assets/Scenes/SkillTreeScene.unity'
	Deserialize:            69.800 ms
	Integration:            22.112 ms
	Integration of assets:  2.244 ms
	Thread Wait Time:       0.057 ms
	Total Operation Time:   94.213 ms
Unloading 6943 unused Assets / (2.1 MB). Loaded Objects now: 8750.
Memory consumption went from 160.9 MB to 158.8 MB.
Total: 8.750400 ms (FindLiveObjects: 0.498800 ms CreateObjectMapping: 0.229500 ms MarkObjects: 5.269900 ms  DeleteObjects: 2.751300 ms)

[ReUI Smoke] scene=SkillTreeScene, canvases=1
Opening scene 'Assets/Scenes/ConfigureControlsScene.unity'
Unloading 35 Unused Serialized files (Serialized files now loaded: 0)
Loaded scene 'Assets/Scenes/ConfigureControlsScene.unity'
	Deserialize:            7.528 ms
	Integration:            31.279 ms
	Integration of assets:  2.781 ms
	Thread Wait Time:       0.016 ms
	Total Operation Time:   41.604 ms
Unloading 15 unused Assets / (221.6 KB). Loaded Objects now: 7587.
Memory consumption went from 156.0 MB to 155.8 MB.
Total: 6.842900 ms (FindLiveObjects: 0.249400 ms CreateObjectMapping: 0.119900 ms MarkObjects: 6.309400 ms  DeleteObjects: 0.163600 ms)

[ReUI Smoke] scene=ConfigureControlsScene, canvases=1
Opening scene 'Assets/Scenes/CombatScene.unity'
Unloading 34 Unused Serialized files (Serialized files now loaded: 0)
Loaded scene 'Assets/Scenes/CombatScene.unity'
	Deserialize:            24.994 ms
	Integration:            39.171 ms
	Integration of assets:  0.935 ms
	Thread Wait Time:       0.057 ms
	Total Operation Time:   65.157 ms
Unloading 1 unused Assets / (0.5 KB). Loaded Objects now: 10091.
Memory consumption went from 157.4 MB to 157.4 MB.
Total: 6.347300 ms (FindLiveObjects: 0.359700 ms CreateObjectMapping: 0.187900 ms MarkObjects: 5.775400 ms  DeleteObjects: 0.023400 ms)

[ReUI Smoke] scene=CombatScene, canvases=3
Opening scene 'Assets/Scenes/ExplorationScene.unity'
Unloading 26 Unused Serialized files (Serialized files now loaded: 0)
Loaded scene 'Assets/Scenes/ExplorationScene.unity'
	Deserialize:            14.703 ms
	Integration:            16.226 ms
	Integration of assets:  2.827 ms
	Thread Wait Time:       0.014 ms
	Total Operation Time:   33.769 ms
Unloading 120 unused Assets / (100.4 KB). Loaded Objects now: 8976.
Memory consumption went from 155.5 MB to 155.4 MB.
Total: 6.279300 ms (FindLiveObjects: 0.288300 ms CreateObjectMapping: 0.113600 ms MarkObjects: 5.720500 ms  DeleteObjects: 0.156300 ms)

[ReUI Smoke] scene=ExplorationScene, canvases=1
Opening scene 'Assets/Scenes/EhopediaScene.unity'
Unloading 8 Unused Serialized files (Serialized files now loaded: 0)
Loaded scene 'Assets/Scenes/EhopediaScene.unity'
	Deserialize:            12.785 ms
	Integration:            5.637 ms
	Integration of assets:  0.299 ms
	Thread Wait Time:       0.064 ms
	Total Operation Time:   18.786 ms
Unloading 1119 unused Assets / (0.7 MB). Loaded Objects now: 6552.
Memory consumption went from 154.1 MB to 153.5 MB.
Total: 6.664000 ms (FindLiveObjects: 0.240700 ms CreateObjectMapping: 0.117600 ms MarkObjects: 5.526400 ms  DeleteObjects: 0.778700 ms)

[ReUI Smoke] scene=EhopediaScene, canvases=1
Opening scene 'Assets/ModulesShared/ShipEditor/Scenes/ShipEditorScene.unity'
Unloading 20 Unused Serialized files (Serialized files now loaded: 0)
SendMessage cannot be called during Awake, CheckConsistency, or OnValidate (Content: OnRectTransformDimensionsChange)
SendMessage cannot be called during Awake, CheckConsistency, or OnValidate (Content: OnRectTransformDimensionsChange)
SendMessage cannot be called during Awake, CheckConsistency, or OnValidate (Content: OnRectTransformDimensionsChange)
SendMessage cannot be called during Awake, CheckConsistency, or OnValidate (Content: OnRectTransformDimensionsChange)
Loaded scene 'Assets/ModulesShared/ShipEditor/Scenes/ShipEditorScene.unity'
	Deserialize:            38.219 ms
	Integration:            41.179 ms
	Integration of assets:  1.823 ms
	Thread Wait Time:       0.058 ms
	Total Operation Time:   81.280 ms
Unloading 13 unused Assets / (0.6 MB). Loaded Objects now: 8423.
Memory consumption went from 158.4 MB to 157.8 MB.
Total: 16.403000 ms (FindLiveObjects: 0.351400 ms CreateObjectMapping: 0.144900 ms MarkObjects: 6.233500 ms  DeleteObjects: 9.672500 ms)

[ReUI Smoke] scene=ShipEditorScene, canvases=1
Opening scene 'Assets/Scenes/SettingsScene.unity'
Unloading 42 Unused Serialized files (Serialized files now loaded: 0)
Loaded scene 'Assets/Scenes/SettingsScene.unity'
	Deserialize:            23.842 ms
	Integration:            21.472 ms
	Integration of assets:  0.524 ms
	Thread Wait Time:       0.016 ms
	Total Operation Time:   45.854 ms
Unloading 173 unused Assets / (87.9 KB). Loaded Objects now: 8177.
Memory consumption went from 156.3 MB to 156.2 MB.
Total: 8.009500 ms (FindLiveObjects: 0.276000 ms CreateObjectMapping: 0.132900 ms MarkObjects: 7.298700 ms  DeleteObjects: 0.301000 ms)

[ReUI Smoke] scene=SettingsScene, canvases=1
[ReUI Smoke] completed scenes=11, canvases=14
Batchmode quit successfully invoked - shutting down!
Curl error 42: Callback aborted
Killing ADB server in 0.1628558 seconds.
[Physics::Module] Cleanup current backned.
[Physics::Module] Id: 0xf2b8ea05
Input System module state changed to: ShutdownInProgress.
Input System polling thread exited.
Input System module state changed to: Shutdown.
[Licensing::IpcConnector] LicenseClient-Voidream-notifications channel disconnected successfully.
[Licensing::IpcConnector] LicenseClient-Voidream channel disconnected successfully.
AcceleratorClientConnectionCallback - disconnected - :0
Cleanup mono
Exiting batchmode successfully now!
Exiting without the bug reporter. Application will terminate with return code 0