[Licensing::Module] Trying to connect to existing licensing client channel...
[Licensing::IpcConnector] Channel LicenseClient-Voidream doesn't exist
Built from '6000.0/staging' branch; Version is '6000.0.75f1 (26349cd2a5c8) revision 2503836'; Using compiler version '193933523'; Build Type 'Release'
OS: 'Windows 11  (10.0.28120) Enterprise' Language: 'zh' Physical Memory: 32487 MB
BatchMode: 1, IsHumanControllingUs: 0, StartBugReporterOnCrash: 0, Is64bit: 1
System  architecture: x64
Process architecture: x64
Date: 2026-08-19T11:59:22Z
[Licensing::Module] Successfully launched the LicensingClient (PId: 27456)

COMMAND LINE ARGUMENTS:
C:\Program Files\Unity\Hub\Editor\6000.0.75f1\Editor\Unity.exe
-batchmode
-quit
-projectPath
C:\Users\wjy25\Documents\Re-Threebody\upstream\ReUI
-logFile
C:\Users\wjy25\Documents\Re-Threebody\upstream\ReUI\beta838-compile2.log
Successfully changed project path to: C:\Users\wjy25\Documents\Re-Threebody\upstream\ReUI
C:/Users/wjy25/Documents/Re-Threebody/upstream/ReUI
[UnityMemory] Configuration Parameters - Can be set up in boot.config
    "memorysetup-bucket-allocator-granularity=16"
    "memorysetup-bucket-allocator-bucket-count=8"
    "memorysetup-bucket-allocator-block-size=33554432"
    "memorysetup-bucket-allocator-block-count=8"
    "memorysetup-main-allocator-block-size=16777216"
    "memorysetup-thread-allocator-block-size=16777216"
    "memorysetup-gfx-main-allocator-block-size=16777216"
    "memorysetup-gfx-thread-allocator-block-size=16777216"
    "memorysetup-cache-allocator-block-size=4194304"
    "memorysetup-typetree-allocator-block-size=2097152"
    "memorysetup-profiler-bucket-allocator-granularity=16"
    "memorysetup-profiler-bucket-allocator-bucket-count=8"
    "memorysetup-profiler-bucket-allocator-block-size=33554432"
    "memorysetup-profiler-bucket-allocator-block-count=8"
    "memorysetup-profiler-allocator-block-size=16777216"
    "memorysetup-profiler-editor-allocator-block-size=1048576"
    "memorysetup-temp-allocator-size-main=16777216"
    "memorysetup-job-temp-allocator-block-size=2097152"
    "memorysetup-job-temp-allocator-block-size-background=1048576"
    "memorysetup-job-temp-allocator-reduction-small-platforms=262144"
    "memorysetup-allocator-temp-initial-block-size-main=262144"
    "memorysetup-allocator-temp-initial-block-size-worker=262144"
    "memorysetup-temp-allocator-size-background-worker=32768"
    "memorysetup-temp-allocator-size-job-worker=262144"
    "memorysetup-temp-allocator-size-preload-manager=33554432"
    "memorysetup-temp-allocator-size-nav-mesh-worker=65536"
    "memorysetup-temp-allocator-size-audio-worker=65536"
    "memorysetup-temp-allocator-size-cloud-worker=32768"
    "memorysetup-temp-allocator-size-gi-baking-worker=262144"
    "memorysetup-temp-allocator-size-gi-baking-worker=262144"
    "memorysetup-temp-allocator-size-gi-baking-worker=262144"
    "memorysetup-temp-allocator-size-gi-baking-worker=262144"
    "memorysetup-temp-allocator-size-gi-baking-worker=262144"
    "memorysetup-temp-allocator-size-gfx=262144"
Player connection [27588]  Target information:

Player connection [27588]  * "[IP] 172.18.16.1 [Port] 55504 [Flags] 2 [Guid] 2855482482 [EditorId] 2855482482 [Version] 1048832 [Id] WindowsEditor(7,WIN-006UKCKR5SD) [Debug] 1 [PackageName] WindowsEditor [ProjectName] Editor" 

Player connection [27588]  * "[IP] 198.18.0.1 [Port] 55504 [Flags] 2 [Guid] 2855482482 [EditorId] 2855482482 [Version] 1048832 [Id] WindowsEditor(7,WIN-006UKCKR5SD) [Debug] 1 [PackageName] WindowsEditor [ProjectName] Editor" 

Player connection [27588]  * "[IP] 192.168.1.105 [Port] 55504 [Flags] 2 [Guid] 2855482482 [EditorId] 2855482482 [Version] 1048832 [Id] WindowsEditor(7,WIN-006UKCKR5SD) [Debug] 1 [PackageName] WindowsEditor [ProjectName] Editor" 

Player connection [27588]  * "[IP] 192.168.223.100 [Port] 55504 [Flags] 2 [Guid] 2855482482 [EditorId] 2855482482 [Version] 1048832 [Id] WindowsEditor(7,WIN-006UKCKR5SD) [Debug] 1 [PackageName] WindowsEditor [ProjectName] Editor" 

Player connection [27588] Host joined multi-casting on [225.0.0.222:54997]...
Player connection [27588] Host joined alternative multi-casting on [225.0.0.222:34997]...
Input System module state changed to: Initialized.
[Physics::Module] Initialized fallback backend.
[Physics::Module] Id: 0xdecafbad
[Package Manager] Connected to IPC stream "Upm-42052" after 0.5 seconds.
Library Redirect Path: Library/
[Licensing::IpcConnector] Successfully connected to: "LicenseClient-Voidream" at "2026-08-19T11:59:22.9042763Z"
[Licensing::Client] Code 10 while verifying Licensing Client signature (process Id: 27456, path: "C:/Program Files/Unity/Hub/Editor/6000.0.75f1/Editor/Data/Resources/Licensing/Client/Unity.Licensing.Client.exe")
[Licensing::Module] LicensingClient has failed validation; ignoring
[Physics::Module] Selected backend.
[Physics::Module] Name: PhysX
[Physics::Module] Id: 0xf2b8ea05
[Physics::Module] SDK Version: 4.1.2
[Physics::Module] Integration Version: 1.0.0
[Physics::Module] Threading Mode: Multi-Threaded
[Licensing::Client] Handshaking with LicensingClient:
  Version:                 1.17.4+4293ba1
  Session Id:              81b1927f91894d7fa43a83c4fb705522
  Correlation Id:          07d47d46e076338ed348e4d5305a93c1
  External correlation Id: 1709353232882249253
  Machine Id:              WeJfFlhUrXm/oUJXcgBJuMWLvIg=
[Licensing::Module] Successfully connected to LicensingClient on channel: "LicenseClient-Voidream" (connect: 0.57s, validation: 0.27s, handshake: 0.07s)
[Licensing::IpcConnector] Successfully connected to: "LicenseClient-Voidream-notifications" at "2026-08-19T11:59:23.2422556Z"
[Licensing::Module] Connected to LicensingClient (PId: 27456, launch time: 0.01, total connection time: 0.91s)
[Licensing::Module] Error: Access token is unavailable; failed to update
[Licensing::Module] Licensing is not yet initialized.
[Licensing::Client] Successfully resolved entitlement details
[Licensing::Module] License group:
  Id: 20067615106968-UnityPersXXXX
  Product: Unity Personal
  Type: Assigned
  Expiration: Unlimited
[Licensing::Client] Successfully updated license, isAsync: True, time: 0.01
[Licensing::Client] Successfully resolved entitlement details
[Licensing::Module] Licensing Background thread has ended after 0.97s
[Licensing::Module] Licensing is initialized (took 0.05s).
[Licensing::Client] Successfully resolved entitlement details
Refreshing native plugins compatible for Editor in 1.56 ms, found 0 plugins.
Preloading 0 native plugins for Editor in 0.00 ms.
Initialize engine version: 6000.0.75f1 (26349cd2a5c8)
[Subsystems] Discovering subsystems at path C:/Program Files/Unity/Hub/Editor/6000.0.75f1/Editor/Data/Resources/UnitySubsystems
[Subsystems] Discovering subsystems at path C:/Users/wjy25/Documents/Re-Threebody/upstream/ReUI/Assets
GfxDevice: creating device client; kGfxThreadingModeNonThreaded
Direct3D:
    Version:  Direct3D 11.0 [level 11.1]
    Renderer: NVIDIA GeForce RTX 5070 Ti Laptop GPU (ID=0x2f18)
    Vendor:   NVIDIA
    VRAM:     11944 MB
    Driver:   32.0.16.1088
Initialize mono
Mono path[0] = 'C:/Program Files/Unity/Hub/Editor/6000.0.75f1/Editor/Data/Managed'
Mono path[1] = 'C:/Program Files/Unity/Hub/Editor/6000.0.75f1/Editor/Data/MonoBleedingEdge/lib/mono/unityjit-win32'
Mono config path = 'C:/Program Files/Unity/Hub/Editor/6000.0.75f1/Editor/Data/MonoBleedingEdge/etc'
Using monoOptions --debugger-agent=transport=dt_socket,embedding=1,server=y,suspend=n,address=127.0.0.1:56052
Using cacheserver namespaces - metadata:defaultmetadata, artifacts:defaultartifacts
Using cacheserver namespaces - metadata:defaultmetadata, artifacts:defaultartifacts
ImportWorker Server TCP listen port: 0
AcceleratorClientConnectionCallback - disconnected - :0
Begin MonoManager ReloadAssembly
Registering precompiled unity dll's ...
Register platform support module: C:/Program Files/Unity/Hub/Editor/6000.0.75f1/Editor/Data/PlaybackEngines/WindowsStandaloneSupport/UnityEditor.WindowsStandalone.Extensions.dll
Register platform support module: C:/Program Files/Unity/Hub/Editor/6000.0.75f1/Editor/Data/PlaybackEngines/AndroidPlayer/UnityEditor.Android.Extensions.dll
Registered in 0.002701 seconds.
- Loaded All Assemblies, in  0.306 seconds
Native extension for Android target not found
Android Extension - Scanning For ADB Devices 236 ms
Native extension for WindowsStandalone target not found
Package Manager log level set to [2]
Mono: successfully reloaded assembly
- Finished resetting the current domain, in  0.522 seconds
Domain Reload Profiling: 827ms
	BeginReloadAssembly (101ms)
		ExecutionOrderSort (0ms)
		DisableScriptedObjects (0ms)
		BackupInstance (0ms)
		ReleaseScriptingObjects (0ms)
		CreateAndSetChildDomain (1ms)
	RebuildCommonClasses (31ms)
	RebuildNativeTypeToScriptingClass (11ms)
	initialDomainReloadingComplete (37ms)
	LoadAllAssembliesAndSetupDomain (125ms)
		LoadAssemblies (99ms)
		RebuildTransferFunctionScriptingTraits (0ms)
		AnalyzeDomain (122ms)
			TypeCache.Refresh (121ms)
				TypeCache.ScanAssembly (111ms)
			BuildScriptInfoCaches (0ms)
			ResolveRequiredComponents (0ms)
	FinalizeReload (523ms)
		ReleaseScriptCaches (0ms)
		RebuildScriptCaches (0ms)
		SetupLoadedEditorAssemblies (497ms)
			LogAssemblyErrors (0ms)
			InitializePlatformSupportModulesInManaged (309ms)
			SetLoadedEditorAssemblies (3ms)
			BeforeProcessingInitializeOnLoad (45ms)
			ProcessInitializeOnLoadAttributes (94ms)
			ProcessInitializeOnLoadMethodAttributes (45ms)
			AfterProcessingInitializeOnLoad (0ms)
			EditorAssembliesLoaded (0ms)
		ExecutionOrderSort2 (0ms)
		AwakeInstancesAfterBackupRestoration (0ms)
[Licensing::Client] Successfully resolved entitlement details
[Licensing::Client] Successfully resolved entitlement details
Application.AssetDatabase Initial Refresh Start
[Package Manager] Restoring resolved packages state from cache
[Licensing::Client] Successfully resolved entitlement details
[Package Manager] Registered 50 packages:
  Packages from [https://package.openupm.com]:
    com.google.external-dependency-manager@1.2.187 (location: C:\Users\wjy25\Documents\Re-Threebody\upstream\ReUI\Library\PackageCache\com.google.external-dependency-manager@f5312a5700af)
  Packages from [https://packages.unity.com]:
    com.unity.ads@4.17.0 (location: C:\Users\wjy25\Documents\Re-Threebody\upstream\ReUI\Library\PackageCache\com.unity.ads@c6e6f61ed7d9)
    com.unity.ide.visualstudio@2.0.27 (location: C:\Users\wjy25\Documents\Re-Threebody\upstream\ReUI\Library\PackageCache\com.unity.ide.visualstudio@dc1ddd4f09b6)
    com.unity.inputsystem@1.19.0 (location: C:\Users\wjy25\Documents\Re-Threebody\upstream\ReUI\Library\PackageCache\com.unity.inputsystem@21a28c3a6c83)
    com.unity.purchasing@5.3.1 (location: C:\Users\wjy25\Documents\Re-Threebody\upstream\ReUI\Library\PackageCache\com.unity.purchasing@b69b97f74d28)
    com.unity.toolchain.win-x86_64-linux-x86_64@2.0.11 (location: C:\Users\wjy25\Documents\Re-Threebody\upstream\ReUI\Library\PackageCache\com.unity.toolchain.win-x86_64-linux-x86_64@3c4c356523ed)
    com.unity.sysroot@2.0.10 (location: C:\Users\wjy25\Documents\Re-Threebody\upstream\ReUI\Library\PackageCache\com.unity.sysroot@7bbbb9339c14)
    com.unity.sysroot.linux-x86_64@2.0.9 (location: C:\Users\wjy25\Documents\Re-Threebody\upstream\ReUI\Library\PackageCache\com.unity.sysroot.linux-x86_64@1998d1c7730e)
    com.unity.services.core@1.16.0 (location: C:\Users\wjy25\Documents\Re-Threebody\upstream\ReUI\Library\PackageCache\com.unity.services.core@8ba50f624741)
    com.unity.nuget.newtonsoft-json@3.2.1 (location: C:\Users\wjy25\Documents\Re-Threebody\upstream\ReUI\Library\PackageCache\com.unity.nuget.newtonsoft-json@74deb55db2a0)
  Built-in packages:
    com.unity.2d.sprite@1.0.0 (location: C:\Users\wjy25\Documents\Re-Threebody\upstream\ReUI\Library\PackageCache\com.unity.2d.sprite@0eb6ea2c7181)
    com.unity.multiplayer.center@1.0.0 (location: C:\Users\wjy25\Documents\Re-Threebody\upstream\ReUI\Library\PackageCache\com.unity.multiplayer.center@f3fb577b3546)
    com.unity.test-framework@1.6.0 (location: C:\Users\wjy25\Documents\Re-Threebody\upstream\ReUI\Library\PackageCache\com.unity.test-framework@082c24152fd4)
    com.unity.ugui@2.0.0 (location: C:\Users\wjy25\Documents\Re-Threebody\upstream\ReUI\Library\PackageCache\com.unity.ugui@7537063fea2b)
    com.unity.ui@2.0.0 (location: C:\Users\wjy25\Documents\Re-Threebody\upstream\ReUI\Library\PackageCache\com.unity.ui@ccd6582d7949)
    com.unity.modules.accessibility@1.0.0 (location: C:\Users\wjy25\Documents\Re-Threebody\upstream\ReUI\Library\PackageCache\com.unity.modules.accessibility)
    com.unity.modules.ai@1.0.0 (location: C:\Users\wjy25\Documents\Re-Threebody\upstream\ReUI\Library\PackageCache\com.unity.modules.ai)
    com.unity.modules.androidjni@1.0.0 (location: C:\Users\wjy25\Documents\Re-Threebody\upstream\ReUI\Library\PackageCache\com.unity.modules.androidjni)
    com.unity.modules.animation@1.0.0 (location: C:\Users\wjy25\Documents\Re-Threebody\upstream\ReUI\Library\PackageCache\com.unity.modules.animation)
    com.unity.modules.assetbundle@1.0.0 (location: C:\Users\wjy25\Documents\Re-Threebody\upstream\ReUI\Library\PackageCache\com.unity.modules.assetbundle)
    com.unity.modules.audio@1.0.0 (location: C:\Users\wjy25\Documents\Re-Threebody\upstream\ReUI\Library\PackageCache\com.unity.modules.audio)
    com.unity.modules.cloth@1.0.0 (location: C:\Users\wjy25\Documents\Re-Threebody\upstream\ReUI\Library\PackageCache\com.unity.modules.cloth)
    com.unity.modules.director@1.0.0 (location: C:\Users\wjy25\Documents\Re-Threebody\upstream\ReUI\Library\PackageCache\com.unity.modules.director)
    com.unity.modules.imageconversion@1.0.0 (location: C:\Users\wjy25\Documents\Re-Threebody\upstream\ReUI\Library\PackageCache\com.unity.modules.imageconversion)
    com.unity.modules.imgui@1.0.0 (location: C:\Users\wjy25\Documents\Re-Threebody\upstream\ReUI\Library\PackageCache\com.unity.modules.imgui)
    com.unity.modules.jsonserialize@1.0.0 (location: C:\Users\wjy25\Documents\Re-Threebody\upstream\ReUI\Library\PackageCache\com.unity.modules.jsonserialize)
    com.unity.modules.particlesystem@1.0.0 (location: C:\Users\wjy25\Documents\Re-Threebody\upstream\ReUI\Library\PackageCache\com.unity.modules.particlesystem)
    com.unity.modules.physics@1.0.0 (location: C:\Users\wjy25\Documents\Re-Threebody\upstream\ReUI\Library\PackageCache\com.unity.modules.physics)
    com.unity.modules.physics2d@1.0.0 (location: C:\Users\wjy25\Documents\Re-Threebody\upstream\ReUI\Library\PackageCache\com.unity.modules.physics2d)
    com.unity.modules.screencapture@1.0.0 (location: C:\Users\wjy25\Documents\Re-Threebody\upstream\ReUI\Library\PackageCache\com.unity.modules.screencapture)
    com.unity.modules.terrain@1.0.0 (location: C:\Users\wjy25\Documents\Re-Threebody\upstream\ReUI\Library\PackageCache\com.unity.modules.terrain)
    com.unity.modules.terrainphysics@1.0.0 (location: C:\Users\wjy25\Documents\Re-Threebody\upstream\ReUI\Library\PackageCache\com.unity.modules.terrainphysics)
    com.unity.modules.tilemap@1.0.0 (location: C:\Users\wjy25\Documents\Re-Threebody\upstream\ReUI\Library\PackageCache\com.unity.modules.tilemap)
    com.unity.modules.ui@1.0.0 (location: C:\Users\wjy25\Documents\Re-Threebody\upstream\ReUI\Library\PackageCache\com.unity.modules.ui)
    com.unity.modules.uielements@1.0.0 (location: C:\Users\wjy25\Documents\Re-Threebody\upstream\ReUI\Library\PackageCache\com.unity.modules.uielements)
    com.unity.modules.umbra@1.0.0 (location: C:\Users\wjy25\Documents\Re-Threebody\upstream\ReUI\Library\PackageCache\com.unity.modules.umbra)
    com.unity.modules.unityanalytics@1.0.0 (location: C:\Users\wjy25\Documents\Re-Threebody\upstream\ReUI\Library\PackageCache\com.unity.modules.unityanalytics)
    com.unity.modules.unitywebrequest@1.0.0 (location: C:\Users\wjy25\Documents\Re-Threebody\upstream\ReUI\Library\PackageCache\com.unity.modules.unitywebrequest)
    com.unity.modules.unitywebrequestassetbundle@1.0.0 (location: C:\Users\wjy25\Documents\Re-Threebody\upstream\ReUI\Library\PackageCache\com.unity.modules.unitywebrequestassetbundle)
    com.unity.modules.unitywebrequestaudio@1.0.0 (location: C:\Users\wjy25\Documents\Re-Threebody\upstream\ReUI\Library\PackageCache\com.unity.modules.unitywebrequestaudio)
    com.unity.modules.unitywebrequesttexture@1.0.0 (location: C:\Users\wjy25\Documents\Re-Threebody\upstream\ReUI\Library\PackageCache\com.unity.modules.unitywebrequesttexture)
    com.unity.modules.unitywebrequestwww@1.0.0 (location: C:\Users\wjy25\Documents\Re-Threebody\upstream\ReUI\Library\PackageCache\com.unity.modules.unitywebrequestwww)
    com.unity.modules.vehicles@1.0.0 (location: C:\Users\wjy25\Documents\Re-Threebody\upstream\ReUI\Library\PackageCache\com.unity.modules.vehicles)
    com.unity.modules.video@1.0.0 (location: C:\Users\wjy25\Documents\Re-Threebody\upstream\ReUI\Library\PackageCache\com.unity.modules.video)
    com.unity.modules.vr@1.0.0 (location: C:\Users\wjy25\Documents\Re-Threebody\upstream\ReUI\Library\PackageCache\com.unity.modules.vr)
    com.unity.modules.wind@1.0.0 (location: C:\Users\wjy25\Documents\Re-Threebody\upstream\ReUI\Library\PackageCache\com.unity.modules.wind)
    com.unity.modules.xr@1.0.0 (location: C:\Users\wjy25\Documents\Re-Threebody\upstream\ReUI\Library\PackageCache\com.unity.modules.xr)
    com.unity.modules.subsystems@1.0.0 (location: C:\Users\wjy25\Documents\Re-Threebody\upstream\ReUI\Library\PackageCache\com.unity.modules.subsystems)
    com.unity.modules.hierarchycore@1.0.0 (location: C:\Users\wjy25\Documents\Re-Threebody\upstream\ReUI\Library\PackageCache\com.unity.modules.hierarchycore)
    com.unity.ext.nunit@2.0.5 (location: C:\Users\wjy25\Documents\Re-Threebody\upstream\ReUI\Library\PackageCache\com.unity.ext.nunit@031a54704bff)
[Subsystems] No new subsystems found in resolved package list.
[Package Manager] Done registering packages in 0.02 seconds
[ScriptCompilation] Requested script compilation because: Assetdatabase observed changes in script compilation related files
Assembly for Assembly Definition File 'Assets/Modules/GalaxyMap/GalaxyMap.asmdef' will not be compiled, because it has no scripts associated with it.
Starting: C:\Program Files\Unity\Hub\Editor\6000.0.75f1\Editor\Data\bee_backend.exe --ipc --defer-dag-verification --dagfile="Library/Bee/1300b0aE.dag" --continue-on-failure --profile="Library/Bee/backend1.traceevents" ScriptAssemblies
WorkingDir: C:/Users/wjy25/Documents/Re-Threebody/upstream/ReUI
DisplayProgressbar: Compiling Scripts
ExitCode: 0 Duration: 2s547ms
[845/851    1s] Csc Library/Bee/artifacts/1300b0aE.dag/Assembly-CSharp.dll (+2 others)
Assets\Scripts\Combat\Manager\AdventureCombatController.cs(2,8): warning CS0105: The using directive for 'System' appeared previously in this namespace

Assets\Scripts\Combat\Domain\CombatModelBuilder.cs(95,32): warning CS0618: 'Factory<CombatModelBuilder>' is obsolete: 'Zenject.Factory has been renamed to PlaceholderFactory.  Zenject.Factory will be removed in future versions'

Assets\Scripts\GameStateMachine\States\AnnouncementState.cs(47,32): warning CS0618: 'Factory<AnnouncementState>' is obsolete: 'Zenject.Factory has been renamed to PlaceholderFactory.  Zenject.Factory will be removed in future versions'

Assets\Scripts\GameStateMachine\States\CombatRewardState.cs(41,32): warning CS0618: 'Factory<IReward, CombatRewardState>' is obsolete: 'Zenject.Factory has been renamed to PlaceholderFactory.  Zenject.Factory will be removed in future versions'

Assets\Scripts\GameStateMachine\States\CombatState.cs(128,32): warning CS0618: 'Factory<ICombatModel, Action<ICombatModel>, CombatState>' is obsolete: 'Zenject.Factory has been renamed to PlaceholderFactory.  Zenject.Factory will be removed in future versions'

Assets\Scripts\GameStateMachine\States\DailyRewardState.cs(57,32): warning CS0618: 'Factory<DailyRewardState>' is obsolete: 'Zenject.Factory has been renamed to PlaceholderFactory.  Zenject.Factory will be removed in future versions'

Assets\Scripts\GameStateMachine\States\EditorInitializationState.cs(49,32): warning CS0618: 'Factory<EditorInitializationState>' is obsolete: 'Zenject.Factory has been renamed to PlaceholderFactory.  Zenject.Factory will be removed in future versions'

Assets\Scripts\GameStateMachine\States\DialogState.cs(59,32): warning CS0618: 'Factory<string, WindowArgs, Action<WindowExitCode>, DialogState>' is obsolete: 'Zenject.Factory has been renamed to PlaceholderFactory.  Zenject.Factory will be removed in future versions'

Assets\Scripts\GameStateMachine\States\EhopediaState.cs(31,32): warning CS0618: 'Factory<EhopediaState>' is obsolete: 'Zenject.Factory has been renamed to PlaceholderFactory.  Zenject.Factory will be removed in future versions'

Assets\Scripts\GameStateMachine\States\ExplorationState.cs(85,32): warning CS0618: 'Factory<Planet, ExplorationState>' is obsolete: 'Zenject.Factory has been renamed to PlaceholderFactory.  Zenject.Factory will be removed in future versions'

Assets\Scripts\GameStateMachine\States\InitializationState.cs(200,32): warning CS0618: 'Factory<InitializationState>' is obsolete: 'Zenject.Factory has been renamed to PlaceholderFactory.  Zenject.Factory will be removed in future versions'

Assets\Scripts\GameStateMachine\States\MainMenuState.cs(166,26): warning CS0618: 'Factory<MainMenuState>' is obsolete: 'Zenject.Factory has been renamed to PlaceholderFactory.  Zenject.Factory will be removed in future versions'

Assets\Scripts\GameStateMachine\States\QuestState.cs(63,26): warning CS0618: 'Factory<IUserInteraction, QuestState>' is obsolete: 'Zenject.Factory has been renamed to PlaceholderFactory.  Zenject.Factory will be removed in future versions'

Assets\Scripts\GameStateMachine\States\ModalDialogState.cs(53,32): warning CS0618: 'Factory<string, IEnumerable<GameScene>, ModalDialogState>' is obsolete: 'Zenject.Factory has been renamed to PlaceholderFactory.  Zenject.Factory will be removed in future versions'

Assets\Scripts\GameStateMachine\States\RetreatState.cs(81,32): warning CS0618: 'Factory<RetreatState>' is obsolete: 'Zenject.Factory has been renamed to PlaceholderFactory.  Zenject.Factory will be removed in future versions'

Assets\Scripts\GameStateMachine\States\QuickCombatState.cs(218,32): warning CS0618: 'Factory<QuickCombatState.Settings, QuickCombatState>' is obsolete: 'Zenject.Factory has been renamed to PlaceholderFactory.  Zenject.Factory will be removed in future versions'

Assets\Scripts\GameStateMachine\States\SkillTreeState.cs(31,32): warning CS0618: 'Factory<SkillTreeState>' is obsolete: 'Zenject.Factory has been renamed to PlaceholderFactory.  Zenject.Factory will be removed in future versions'

Assets\Scripts\GameStateMachine\States\TestingState.cs(31,32): warning CS0618: 'Factory<TestingState>' is obsolete: 'Zenject.Factory has been renamed to PlaceholderFactory.  Zenject.Factory will be removed in future versions'

Assets\Scripts\GameStateMachine\States\StartingNewGameState.cs(91,32): warning CS0618: 'Factory<StartingNewGameState>' is obsolete: 'Zenject.Factory has been renamed to PlaceholderFactory.  Zenject.Factory will be removed in future versions'

Assets\Scripts\GameStateMachine\States\StarMapState.cs(360,32): warning CS0618: 'Factory<StarMapState>' is obsolete: 'Zenject.Factory has been renamed to PlaceholderFactory.  Zenject.Factory will be removed in future versions'

Assets\Scripts\GameStateMachine\States\TravelState.cs(89,32): warning CS0618: 'Factory<int, TravelState>' is obsolete: 'Zenject.Factory has been renamed to PlaceholderFactory.  Zenject.Factory will be removed in future versions'

Assets\Scripts\Legacy\GUI\Console.cs(24,17): warning CS0618: 'Object.FindObjectsOfType<T>()' is obsolete: 'Object.FindObjectsOfType has been deprecated. Use Object.FindObjectsByType instead which lets you decide whether you need the results sorted or not.  FindObjectsOfType sorts the results by InstanceID but if you do not need this using FindObjectSortMode.None is considerably faster.'

Assets\Scripts\Legacy\GUI\Layout\RandomLayoutGroup.cs(29,4): warning CS0618: 'Random.seed' is obsolete: 'Deprecated. Use InitState() function or Random.state property instead.'

Assets\Scripts\Legacy\GUI\Layout\RandomLayoutGroup.cs(42,4): warning CS0618: 'Random.seed' is obsolete: 'Deprecated. Use InitState() function or Random.state property instead.'

Assets\Scripts\Legacy\Map\Star.cs(412,3): warning CS0618: 'Random.seed' is obsolete: 'Deprecated. Use InitState() function or Random.state property instead.'

Assets\Scripts\Legacy\GUI\ViewModel\StarMap\TechTreePanelViewModel.cs(546,6): warning CS0618: 'Random.seed' is obsolete: 'Deprecated. Use InitState() function or Random.state property instead.'

Assets\Scripts\Domain\Economy\ItemType\ComponentItem.cs(21,47): warning CS0612: 'ComponentInfo.SerializeToInt64()' is obsolete

Assets\Scripts\Gui\ShipService\ShipLayoutPanel.cs(75,85): warning CS0612: 'IShipLayout.Size' is obsolete

Assets\Scripts\Gui\ShipService\ShipLayoutPanel.cs(76,86): warning CS0612: 'IShipLayout.Size' is obsolete

Assets\Scripts\Gui\ShipService\ShipLayoutPanel.cs(92,28): warning CS0612: 'IShipLayout.Size' is obsolete

Assets\Scripts\Gui\ShipService\ShipLayoutPanel.cs(146,62): warning CS0612: 'IShipLayout.Size' is obsolete

Assets\Scripts\Gui\ShipService\ShipLayoutPanel.cs(146,91): warning CS0612: 'IShipLayout.Size' is obsolete

Assets\Scripts\Gui\Combat\RadarPanel.cs(61,17): warning CS0219: The variable 'simpleRadarIndex' is assigned but its value is never used

Assets\Scripts\GameServices\OfflineMultiplayer\PlayerInfo.cs(108,30): warning CS0168: The variable 'e' is declared but never used

Assets\Scripts\GameStateMachine\States\ShipEditorState.cs(202,40): warning CS0612: 'ComponentInfo.FromInt64(IDatabase, long)' is obsolete

Assets\Scripts\GameServices\OfflineMultiplayer\PlayerInfo.cs(147,30): warning CS0168: The variable 'e' is declared but never used

Assets\Scripts\GameServices\OfflineMultiplayer\PlayerInfo.cs(163,30): warning CS0168: The variable 'e' is declared but never used

Assets\Scripts\Legacy\Debug\Cheats.cs(297,26): warning CS0168: The variable 'e' is declared but never used

Assets\Scripts\Gui\MainMenu\SettingsProgress.cs(176,37): warning CS0618: 'Object.FindObjectsOfType<T>(bool)' is obsolete: 'Object.FindObjectsOfType has been deprecated. Use Object.FindObjectsByType instead which lets you decide whether you need the results sorted or not.  FindObjectsOfType sorts the results by InstanceID but if you do not need this using FindObjectSortMode.None is considerably faster.'

Assets\Scripts\Gui\MainMenu\SettingsProgress.cs(178,38): warning CS0618: 'Object.FindObjectsOfType<T>(bool)' is obsolete: 'Object.FindObjectsOfType has been deprecated. Use Object.FindObjectsByType instead which lets you decide whether you need the results sorted or not.  FindObjectsOfType sorts the results by InstanceID but if you do not need this using FindObjectSortMode.None is considerably faster.'

Assets\Scripts\Legacy\GUI\ViewModel\CargoHold\ScrapPanelViewModel.cs(133,84): warning CS0612: 'ComponentInfo.SerializeToInt64()' is obsolete

Assets\Scripts\Gui\MainMenu\SettingsProgress.cs(259,60): warning CS0618: 'Object.FindObjectOfType<T>()' is obsolete: 'Object.FindObjectOfType has been deprecated. Use Object.FindFirstObjectByType instead or if finding any instance is acceptable the faster Object.FindAnyObjectByType'

Assets\Scripts\GameServices\OfflineMultiplayer\PlayerInfo.cs(192,30): warning CS0168: The variable 'e' is declared but never used

Assets\Scripts\GameServices\OfflineMultiplayer\EnemyPlayerInfo.cs(61,30): warning CS0168: The variable 'e' is declared but never used

Assets\Scripts\Legacy\Debug\Cheats.cs(353,41): warning CS0612: 'ComponentInfo.FromInt64(IDatabase, long)' is obsolete

Assets\Scripts\Legacy\GUI\ViewModel\MainMenu\DevConsoleViewModel.cs(76,5): warning CS0162: Unreachable code detected

Assets\Scripts\Gui\MainMenu\MainMenu.cs(644,60): warning CS0618: 'Object.FindObjectOfType<T>()' is obsolete: 'Object.FindObjectOfType has been deprecated. Use Object.FindFirstObjectByType instead or if finding any instance is acceptable the faster Object.FindAnyObjectByType'

Assets\Scripts\Legacy\Debug\Cheats.cs(417,57): warning CS0612: 'ComponentInfo.SerializeToInt64()' is obsolete

Assets\Scripts\Combat\Manager\AdventureCombatController.cs(572,86): warning CS0612: 'ComponentInfo.SerializeToInt64()' is obsolete

Assets\Scripts\Gui\MainMenu\MainMenu.cs(826,60): warning CS0618: 'Object.FindObjectOfType<T>()' is obsolete: 'Object.FindObjectOfType has been deprecated. Use Object.FindFirstObjectByType instead or if finding any instance is acceptable the faster Object.FindAnyObjectByType'

Assets\Scripts\Gui\MainMenu\MainMenu.cs(881,60): warning CS0618: 'Object.FindObjectOfType<T>()' is obsolete: 'Object.FindObjectOfType has been deprecated. Use Object.FindFirstObjectByType instead or if finding any instance is acceptable the faster Object.FindAnyObjectByType'

Assets\Scripts\Legacy\GUI\LoadingScreen.cs(28,15): warning CS0414: The field 'LoadingScreen._coroutineRunning' is assigned but its value is never used

Assets\Scripts\Legacy\GUI\LoadingScreen.cs(20,33): warning CS0414: The field 'LoadingScreen._delay' is assigned but its value is never used

Assets\Scripts\Legacy\GUI\ViewModel\StarMap\MilitaryPanelViewModel.cs(41,15): warning CS0414: The field 'MilitaryPanelViewModel._money' is assigned but its value is never used

Assets\Scripts\Legacy\GUI\LoadingScreen.cs(133,18): warning CS0414: The field 'LoadingScreen._firstTime' is assigned but its value is never used

Assets\Scripts\Gui\Utils\BackButtonEvent.cs(12,39): warning CS0414: The field 'BackButtonEvent._ignoreIfStandaloneBuild' is assigned but its value is never used
[846/851    0s] CopyFiles Library/ScriptAssemblies/Assembly-CSharp.pdb
[847/851    0s] CopyFiles Library/ScriptAssemblies/Assembly-CSharp.dll
[848/851    0s] Csc Library/Bee/artifacts/1300b0aE.dag/Assembly-CSharp-Editor.dll (+2 others)
Assets\Editor\TexturePostProcessor.cs(45,13): warning CS0618: 'TextureImporter.spritePackingTag' is obsolete: 'Support for packing sprites through spritePackingTag has been removed. Please use SpriteAtlas instead.'

Assets\Editor\AndroidDevelopmentBuild.cs(26,9): warning CS0618: 'PlayerSettings.SetApplicationIdentifier(BuildTargetGroup, string)' is obsolete: 'Use SetApplicationIdentifier(NamedBuildTarget buildTarget, string identifier) instead'

Assets\Editor\AndroidDevelopmentBuild.cs(31,9): warning CS0618: 'PlayerSettings.SetScriptingBackend(BuildTargetGroup, ScriptingImplementation)' is obsolete: 'Use SetScriptingBackend(NamedBuildTarget buildTarget, ScriptingImplementation backend) instead'

Assets\Editor\ApplicationManager.cs(222,36): warning CS0618: 'PlayerSettings.GetScriptingDefineSymbolsForGroup(BuildTargetGroup)' is obsolete: 'Use GetScriptingDefineSymbols(NamedBuildTarget buildTarget) instead'

Assets\Editor\ApplicationManager.cs(232,13): warning CS0618: 'PlayerSettings.SetScriptingDefineSymbolsForGroup(BuildTargetGroup, string)' is obsolete: 'Use SetScriptingDefineSymbols(NamedBuildTarget buildTarget, string defines) instead'

Assets\ReUI\Editor\ReUIQuickAndroidBuild.cs(32,13): warning CS0618: 'PlayerSettings.SetApplicationIdentifier(BuildTargetGroup, string)' is obsolete: 'Use SetApplicationIdentifier(NamedBuildTarget buildTarget, string identifier) instead'

Assets\ReUI\Editor\ReUIQuickAndroidBuild.cs(38,13): warning CS0618: 'PlayerSettings.SetScriptingBackend(BuildTargetGroup, ScriptingImplementation)' is obsolete: 'Use SetScriptingBackend(NamedBuildTarget buildTarget, ScriptingImplementation backend) instead'

Assets\Editor\ApplicationManager.cs(240,36): warning CS0618: 'PlayerSettings.GetScriptingDefineSymbolsForGroup(BuildTargetGroup)' is obsolete: 'Use GetScriptingDefineSymbols(NamedBuildTarget buildTarget) instead'

Assets\Editor\ApplicationManager.cs(252,13): warning CS0618: 'PlayerSettings.SetScriptingDefineSymbolsForGroup(BuildTargetGroup, string)' is obsolete: 'Use SetScriptingDefineSymbols(NamedBuildTarget buildTarget, string defines) instead'
[849/851    0s] CopyFiles Library/ScriptAssemblies/Assembly-CSharp-Editor.pdb
[850/851    0s] CopyFiles Library/ScriptAssemblies/Assembly-CSharp-Editor.dll
*** Tundra build success (2.51 seconds), 6 items updated, 851 evaluated
Assets\Scripts\Combat\Manager\AdventureCombatController.cs(2,8): warning CS0105: The using directive for 'System' appeared previously in this namespace
Assets\Scripts\Combat\Domain\CombatModelBuilder.cs(95,32): warning CS0618: 'Factory<CombatModelBuilder>' is obsolete: 'Zenject.Factory has been renamed to PlaceholderFactory.  Zenject.Factory will be removed in future versions'
Assets\Scripts\GameStateMachine\States\AnnouncementState.cs(47,32): warning CS0618: 'Factory<AnnouncementState>' is obsolete: 'Zenject.Factory has been renamed to PlaceholderFactory.  Zenject.Factory will be removed in future versions'
Assets\Scripts\GameStateMachine\States\CombatRewardState.cs(41,32): warning CS0618: 'Factory<IReward, CombatRewardState>' is obsolete: 'Zenject.Factory has been renamed to PlaceholderFactory.  Zenject.Factory will be removed in future versions'
Assets\Scripts\GameStateMachine\States\CombatState.cs(128,32): warning CS0618: 'Factory<ICombatModel, Action<ICombatModel>, CombatState>' is obsolete: 'Zenject.Factory has been renamed to PlaceholderFactory.  Zenject.Factory will be removed in future versions'
Assets\Scripts\GameStateMachine\States\DailyRewardState.cs(57,32): warning CS0618: 'Factory<DailyRewardState>' is obsolete: 'Zenject.Factory has been renamed to PlaceholderFactory.  Zenject.Factory will be removed in future versions'
Assets\Scripts\GameStateMachine\States\EditorInitializationState.cs(49,32): warning CS0618: 'Factory<EditorInitializationState>' is obsolete: 'Zenject.Factory has been renamed to PlaceholderFactory.  Zenject.Factory will be removed in future versions'
Assets\Scripts\GameStateMachine\States\DialogState.cs(59,32): warning CS0618: 'Factory<string, WindowArgs, Action<WindowExitCode>, DialogState>' is obsolete: 'Zenject.Factory has been renamed to PlaceholderFactory.  Zenject.Factory will be removed in future versions'
Assets\Scripts\GameStateMachine\States\EhopediaState.cs(31,32): warning CS0618: 'Factory<EhopediaState>' is obsolete: 'Zenject.Factory has been renamed to PlaceholderFactory.  Zenject.Factory will be removed in future versions'
Assets\Scripts\GameStateMachine\States\ExplorationState.cs(85,32): warning CS0618: 'Factory<Planet, ExplorationState>' is obsolete: 'Zenject.Factory has been renamed to PlaceholderFactory.  Zenject.Factory will be removed in future versions'
Assets\Scripts\GameStateMachine\States\InitializationState.cs(200,32): warning CS0618: 'Factory<InitializationState>' is obsolete: 'Zenject.Factory has been renamed to PlaceholderFactory.  Zenject.Factory will be removed in future versions'
Assets\Scripts\GameStateMachine\States\MainMenuState.cs(166,26): warning CS0618: 'Factory<MainMenuState>' is obsolete: 'Zenject.Factory has been renamed to PlaceholderFactory.  Zenject.Factory will be removed in future versions'
Assets\Scripts\GameStateMachine\States\QuestState.cs(63,26): warning CS0618: 'Factory<IUserInteraction, QuestState>' is obsolete: 'Zenject.Factory has been renamed to PlaceholderFactory.  Zenject.Factory will be removed in future versions'
Assets\Scripts\GameStateMachine\States\ModalDialogState.cs(53,32): warning CS0618: 'Factory<string, IEnumerable<GameScene>, ModalDialogState>' is obsolete: 'Zenject.Factory has been renamed to PlaceholderFactory.  Zenject.Factory will be removed in future versions'
Assets\Scripts\GameStateMachine\States\RetreatState.cs(81,32): warning CS0618: 'Factory<RetreatState>' is obsolete: 'Zenject.Factory has been renamed to PlaceholderFactory.  Zenject.Factory will be removed in future versions'
Assets\Scripts\GameStateMachine\States\QuickCombatState.cs(218,32): warning CS0618: 'Factory<QuickCombatState.Settings, QuickCombatState>' is obsolete: 'Zenject.Factory has been renamed to PlaceholderFactory.  Zenject.Factory will be removed in future versions'
Assets\Scripts\GameStateMachine\States\SkillTreeState.cs(31,32): warning CS0618: 'Factory<SkillTreeState>' is obsolete: 'Zenject.Factory has been renamed to PlaceholderFactory.  Zenject.Factory will be removed in future versions'
Assets\Scripts\GameStateMachine\States\TestingState.cs(31,32): warning CS0618: 'Factory<TestingState>' is obsolete: 'Zenject.Factory has been renamed to PlaceholderFactory.  Zenject.Factory will be removed in future versions'
Assets\Scripts\GameStateMachine\States\StartingNewGameState.cs(91,32): warning CS0618: 'Factory<StartingNewGameState>' is obsolete: 'Zenject.Factory has been renamed to PlaceholderFactory.  Zenject.Factory will be removed in future versions'
Assets\Scripts\GameStateMachine\States\StarMapState.cs(360,32): warning CS0618: 'Factory<StarMapState>' is obsolete: 'Zenject.Factory has been renamed to PlaceholderFactory.  Zenject.Factory will be removed in future versions'
Assets\Scripts\GameStateMachine\States\TravelState.cs(89,32): warning CS0618: 'Factory<int, TravelState>' is obsolete: 'Zenject.Factory has been renamed to PlaceholderFactory.  Zenject.Factory will be removed in future versions'
Assets\Scripts\Legacy\GUI\Console.cs(24,17): warning CS0618: 'Object.FindObjectsOfType<T>()' is obsolete: 'Object.FindObjectsOfType has been deprecated. Use Object.FindObjectsByType instead which lets you decide whether you need the results sorted or not.  FindObjectsOfType sorts the results by InstanceID but if you do not need this using FindObjectSortMode.None is considerably faster.'
Assets\Scripts\Legacy\GUI\Layout\RandomLayoutGroup.cs(29,4): warning CS0618: 'Random.seed' is obsolete: 'Deprecated. Use InitState() function or Random.state property instead.'
Assets\Scripts\Legacy\GUI\Layout\RandomLayoutGroup.cs(42,4): warning CS0618: 'Random.seed' is obsolete: 'Deprecated. Use InitState() function or Random.state property instead.'
Assets\Scripts\Legacy\Map\Star.cs(412,3): warning CS0618: 'Random.seed' is obsolete: 'Deprecated. Use InitState() function or Random.state property instead.'
Assets\Scripts\Legacy\GUI\ViewModel\StarMap\TechTreePanelViewModel.cs(546,6): warning CS0618: 'Random.seed' is obsolete: 'Deprecated. Use InitState() function or Random.state property instead.'
Assets\Scripts\Domain\Economy\ItemType\ComponentItem.cs(21,47): warning CS0612: 'ComponentInfo.SerializeToInt64()' is obsolete
Assets\Scripts\Gui\ShipService\ShipLayoutPanel.cs(75,85): warning CS0612: 'IShipLayout.Size' is obsolete
Assets\Scripts\Gui\ShipService\ShipLayoutPanel.cs(76,86): warning CS0612: 'IShipLayout.Size' is obsolete
Assets\Scripts\Gui\ShipService\ShipLayoutPanel.cs(92,28): warning CS0612: 'IShipLayout.Size' is obsolete
Assets\Scripts\Gui\ShipService\ShipLayoutPanel.cs(146,62): warning CS0612: 'IShipLayout.Size' is obsolete
Assets\Scripts\Gui\ShipService\ShipLayoutPanel.cs(146,91): warning CS0612: 'IShipLayout.Size' is obsolete
Assets\Scripts\Gui\Combat\RadarPanel.cs(61,17): warning CS0219: The variable 'simpleRadarIndex' is assigned but its value is never used
Assets\Scripts\GameServices\OfflineMultiplayer\PlayerInfo.cs(108,30): warning CS0168: The variable 'e' is declared but never used
Assets\Scripts\GameStateMachine\States\ShipEditorState.cs(202,40): warning CS0612: 'ComponentInfo.FromInt64(IDatabase, long)' is obsolete
Assets\Scripts\GameServices\OfflineMultiplayer\PlayerInfo.cs(147,30): warning CS0168: The variable 'e' is declared but never used
Assets\Scripts\GameServices\OfflineMultiplayer\PlayerInfo.cs(163,30): warning CS0168: The variable 'e' is declared but never used
Assets\Scripts\Legacy\Debug\Cheats.cs(297,26): warning CS0168: The variable 'e' is declared but never used
Assets\Scripts\Gui\MainMenu\SettingsProgress.cs(176,37): warning CS0618: 'Object.FindObjectsOfType<T>(bool)' is obsolete: 'Object.FindObjectsOfType has been deprecated. Use Object.FindObjectsByType instead which lets you decide whether you need the results sorted or not.  FindObjectsOfType sorts the results by InstanceID but if you do not need this using FindObjectSortMode.None is considerably faster.'
Assets\Scripts\Gui\MainMenu\SettingsProgress.cs(178,38): warning CS0618: 'Object.FindObjectsOfType<T>(bool)' is obsolete: 'Object.FindObjectsOfType has been deprecated. Use Object.FindObjectsByType instead which lets you decide whether you need the results sorted or not.  FindObjectsOfType sorts the results by InstanceID but if you do not need this using FindObjectSortMode.None is considerably faster.'
Assets\Scripts\Legacy\GUI\ViewModel\CargoHold\ScrapPanelViewModel.cs(133,84): warning CS0612: 'ComponentInfo.SerializeToInt64()' is obsolete
Assets\Scripts\Gui\MainMenu\SettingsProgress.cs(259,60): warning CS0618: 'Object.FindObjectOfType<T>()' is obsolete: 'Object.FindObjectOfType has been deprecated. Use Object.FindFirstObjectByType instead or if finding any instance is acceptable the faster Object.FindAnyObjectByType'
Assets\Scripts\GameServices\OfflineMultiplayer\PlayerInfo.cs(192,30): warning CS0168: The variable 'e' is declared but never used
Assets\Scripts\GameServices\OfflineMultiplayer\EnemyPlayerInfo.cs(61,30): warning CS0168: The variable 'e' is declared but never used
Assets\Scripts\Legacy\Debug\Cheats.cs(353,41): warning CS0612: 'ComponentInfo.FromInt64(IDatabase, long)' is obsolete
Assets\Scripts\Legacy\GUI\ViewModel\MainMenu\DevConsoleViewModel.cs(76,5): warning CS0162: Unreachable code detected
Assets\Scripts\Gui\MainMenu\MainMenu.cs(644,60): warning CS0618: 'Object.FindObjectOfType<T>()' is obsolete: 'Object.FindObjectOfType has been deprecated. Use Object.FindFirstObjectByType instead or if finding any instance is acceptable the faster Object.FindAnyObjectByType'
Assets\Scripts\Legacy\Debug\Cheats.cs(417,57): warning CS0612: 'ComponentInfo.SerializeToInt64()' is obsolete
Assets\Scripts\Combat\Manager\AdventureCombatController.cs(572,86): warning CS0612: 'ComponentInfo.SerializeToInt64()' is obsolete
Assets\Scripts\Gui\MainMenu\MainMenu.cs(826,60): warning CS0618: 'Object.FindObjectOfType<T>()' is obsolete: 'Object.FindObjectOfType has been deprecated. Use Object.FindFirstObjectByType instead or if finding any instance is acceptable the faster Object.FindAnyObjectByType'
Assets\Scripts\Gui\MainMenu\MainMenu.cs(881,60): warning CS0618: 'Object.FindObjectOfType<T>()' is obsolete: 'Object.FindObjectOfType has been deprecated. Use Object.FindFirstObjectByType instead or if finding any instance is acceptable the faster Object.FindAnyObjectByType'
Assets\Scripts\Legacy\GUI\LoadingScreen.cs(28,15): warning CS0414: The field 'LoadingScreen._coroutineRunning' is assigned but its value is never used
Assets\Scripts\Legacy\GUI\LoadingScreen.cs(20,33): warning CS0414: The field 'LoadingScreen._delay' is assigned but its value is never used
Assets\Scripts\Legacy\GUI\ViewModel\StarMap\MilitaryPanelViewModel.cs(41,15): warning CS0414: The field 'MilitaryPanelViewModel._money' is assigned but its value is never used
Assets\Scripts\Legacy\GUI\LoadingScreen.cs(133,18): warning CS0414: The field 'LoadingScreen._firstTime' is assigned but its value is never used
Assets\Scripts\Gui\Utils\BackButtonEvent.cs(12,39): warning CS0414: The field 'BackButtonEvent._ignoreIfStandaloneBuild' is assigned but its value is never used
Assets\Editor\TexturePostProcessor.cs(45,13): warning CS0618: 'TextureImporter.spritePackingTag' is obsolete: 'Support for packing sprites through spritePackingTag has been removed. Please use SpriteAtlas instead.'
Assets\Editor\AndroidDevelopmentBuild.cs(26,9): warning CS0618: 'PlayerSettings.SetApplicationIdentifier(BuildTargetGroup, string)' is obsolete: 'Use SetApplicationIdentifier(NamedBuildTarget buildTarget, string identifier) instead'
Assets\Editor\AndroidDevelopmentBuild.cs(31,9): warning CS0618: 'PlayerSettings.SetScriptingBackend(BuildTargetGroup, ScriptingImplementation)' is obsolete: 'Use SetScriptingBackend(NamedBuildTarget buildTarget, ScriptingImplementation backend) instead'
Assets\Editor\ApplicationManager.cs(222,36): warning CS0618: 'PlayerSettings.GetScriptingDefineSymbolsForGroup(BuildTargetGroup)' is obsolete: 'Use GetScriptingDefineSymbols(NamedBuildTarget buildTarget) instead'
Assets\Editor\ApplicationManager.cs(232,13): warning CS0618: 'PlayerSettings.SetScriptingDefineSymbolsForGroup(BuildTargetGroup, string)' is obsolete: 'Use SetScriptingDefineSymbols(NamedBuildTarget buildTarget, string defines) instead'
Assets\ReUI\Editor\ReUIQuickAndroidBuild.cs(32,13): warning CS0618: 'PlayerSettings.SetApplicationIdentifier(BuildTargetGroup, string)' is obsolete: 'Use SetApplicationIdentifier(NamedBuildTarget buildTarget, string identifier) instead'
Assets\ReUI\Editor\ReUIQuickAndroidBuild.cs(38,13): warning CS0618: 'PlayerSettings.SetScriptingBackend(BuildTargetGroup, ScriptingImplementation)' is obsolete: 'Use SetScriptingBackend(NamedBuildTarget buildTarget, ScriptingImplementation backend) instead'
Assets\Editor\ApplicationManager.cs(240,36): warning CS0618: 'PlayerSettings.GetScriptingDefineSymbolsForGroup(BuildTargetGroup)' is obsolete: 'Use GetScriptingDefineSymbols(NamedBuildTarget buildTarget) instead'
Assets\Editor\ApplicationManager.cs(252,13): warning CS0618: 'PlayerSettings.SetScriptingDefineSymbolsForGroup(BuildTargetGroup, string)' is obsolete: 'Use SetScriptingDefineSymbols(NamedBuildTarget buildTarget, string defines) instead'
AssetDatabase: script compilation time: 3.068688s
Begin MonoManager ReloadAssembly
- Loaded All Assemblies, in 10.690 seconds
Start importing ProjectSettings/ProjectSettings.asset using Guid(00000000000000004000000000000000) (LibraryAssetImporter) -> (artifact id: '6301bd56f9fd4cedb1f30044074b1651') in 0.0153313 seconds
Refreshing native plugins compatible for Editor in 392.93 ms, found 0 plugins.
Native extension for Android target not found
Native extension for WindowsStandalone target not found
Mono: successfully reloaded assembly
- Finished resetting the current domain, in  0.632 seconds
Domain Reload Profiling: 11320ms
	BeginReloadAssembly (252ms)
		ExecutionOrderSort (0ms)
		DisableScriptedObjects (9ms)
		BackupInstance (0ms)
		ReleaseScriptingObjects (0ms)
		CreateAndSetChildDomain (128ms)
	RebuildCommonClasses (30ms)
	RebuildNativeTypeToScriptingClass (10ms)
	initialDomainReloadingComplete (23ms)
	LoadAllAssembliesAndSetupDomain (10374ms)
		LoadAssemblies (9826ms)
		RebuildTransferFunctionScriptingTraits (0ms)
		AnalyzeDomain (625ms)
			TypeCache.Refresh (580ms)
				TypeCache.ScanAssembly (570ms)
			BuildScriptInfoCaches (36ms)
			ResolveRequiredComponents (7ms)
	FinalizeReload (633ms)
		ReleaseScriptCaches (0ms)
		RebuildScriptCaches (0ms)
		SetupLoadedEditorAssemblies (535ms)
			LogAssemblyErrors (0ms)
			InitializePlatformSupportModulesInManaged (19ms)
			SetLoadedEditorAssemblies (3ms)
			BeforeProcessingInitializeOnLoad (109ms)
			ProcessInitializeOnLoadAttributes (204ms)
			ProcessInitializeOnLoadMethodAttributes (197ms)
			AfterProcessingInitializeOnLoad (3ms)
			EditorAssembliesLoaded (0ms)
		ExecutionOrderSort2 (0ms)
		AwakeInstancesAfterBackupRestoration (5ms)
Start importing Assets/Modules/Database/Resources/Database/Ship/Builds/edge_terminate.json using Guid(90f9ee4447e89154fae6da2e02b93753) (TextScriptImporter) -> (artifact id: '7fa1f0fcff9299c2c44dde6514d79801') in 0.0123583 seconds
Start importing Assets/Modules/Database/Resources/Database/Ship/Builds/edge_privilege.json using Guid(eb0793db231b9a5419a4743a64e407e0) (TextScriptImporter) -> (artifact id: 'e10274af91a0fcc6a039d9c16107302e') in 0.0092871 seconds
Refreshing native plugins compatible for Editor in 5.93 ms, found 0 plugins.
Preloading 0 native plugins for Editor in 0.00 ms.
Asset Pipeline Refresh (id=884d413904866b4409a3046f313ad463): Total: 15.459 seconds - Initiated by InitialRefreshV2(ForceSynchronousImport)
	Summary:
		Imports: total=3 (actual=3, local cache=0, cache server=0)
		Asset DB Process Time: managed=2 ms, native=1442 ms
		Asset DB Callback time: managed=184 ms, native=33 ms
		Scripting: domain reloads=1, domain reload time=10690 ms, compile time=3070 ms, other=34 ms
		Project Asset Count: scripts=1398, non-scripts=4675
		Asset File Changes: new=0, changed=3, moved=0, deleted=0
		Scan Filter Count: 0
	InvokeCustomDependenciesCallbacks: 0.001ms
	InvokePackagesCallback: 24.877ms
	ApplyChangesToAssetFolders: 0.537ms
	Scan: 140.327ms
	OnSourceAssetsModified: 0.779ms
	CategorizeAssetsWithTransientArtifact: 35.855ms
	ProcessAssetsWithTransientArtifactChanges: 48.933ms
	CategorizeAssets: 41.655ms
	ImportOutOfDateAssets: 1082.066ms (-2032.292ms without children)
		ImportManagerImport: 42.694ms (4.582ms without children)
			ImportInProcess: 38.069ms
			UpdateCategorizedAssets: 0.043ms
		CompileScripts: 3070.139ms
		ReloadNativeAssets: 0.004ms
		UnloadImportedAssets: 0.119ms
		ReloadImportedAssets: 0.000ms
		EnsureUptoDateAssetsAreRegisteredWithGuidPM: 0.772ms
		InitializingProgressBar: 0.012ms
		PostProcessAllAssetNotificationsAddChangedAssets: 0.001ms
		OnDemandSchedulerStart: 0.619ms
	PostProcessAllAssets: 186.603ms
	Hotreload: 6.976ms
	GatherAllCurrentPrimaryArtifactRevisions: 0.002ms
	UnloadStreamsBegin: 0.173ms
	PersistCurrentRevisions: 0.273ms
	UnloadStreamsEnd: 0.001ms
	GenerateScriptTypeHashes: 3.494ms
	Untracked: 13889.992ms

Application.AssetDatabase Initial Refresh End
Scanning for USB devices : 0.721ms
Initializing Unity extensions:
[MODES] ModeService[none].Initialize
[MODES] ModeService[none].LoadModes
[MODES] Loading mode Default (0) for mode-current-id-三体视界
Unloading 44 Unused Serialized files (Serialized files now loaded: 0)
Unloading 5075 unused Assets / (4.9 MB). Loaded Objects now: 5513.
Memory consumption went from 165.0 MB to 160.2 MB.
Total: 6.609800 ms (FindLiveObjects: 0.268400 ms CreateObjectMapping: 0.150500 ms MarkObjects: 3.859200 ms  DeleteObjects: 2.330900 ms)

Batchmode quit successfully invoked - shutting down!
Curl error 42: Callback aborted
Killing ADB server in 0.1339623 seconds.
[Physics::Module] Cleanup current backned.
[Physics::Module] Id: 0xf2b8ea05
Input System module state changed to: ShutdownInProgress.
Input System polling thread exited.
Input System module state changed to: Shutdown.
[Licensing::IpcConnector] LicenseClient-Voidream-notifications channel disconnected successfully.
[Licensing::IpcConnector] LicenseClient-Voidream channel disconnected successfully.
AcceleratorClientConnectionCallback - disconnected - :0
Cleanup mono
Exiting batchmode successfully now!
Exiting without the bug reporter. Application will terminate with return code 0